Archive member included to satisfy reference by file (symbol)

c:/intelfpga/18.1/nios2eds/bin/gnu/h-x86_64-mingw32/bin/../lib/gcc/nios2-elf/5.3.0\libgcc.a(addsf3.o)
                              obj/default/keyboard_task.o (__addsf3)
c:/intelfpga/18.1/nios2eds/bin/gnu/h-x86_64-mingw32/bin/../lib/gcc/nios2-elf/5.3.0\libgcc.a(divsf3.o)
                              obj/default/frequency_task.o (__divsf3)
c:/intelfpga/18.1/nios2eds/bin/gnu/h-x86_64-mingw32/bin/../lib/gcc/nios2-elf/5.3.0\libgcc.a(eqsf2.o)
                              obj/default/rocof_task.o (__eqsf2)
c:/intelfpga/18.1/nios2eds/bin/gnu/h-x86_64-mingw32/bin/../lib/gcc/nios2-elf/5.3.0\libgcc.a(gesf2.o)
                              obj/default/decision_task.o (__gtsf2)
c:/intelfpga/18.1/nios2eds/bin/gnu/h-x86_64-mingw32/bin/../lib/gcc/nios2-elf/5.3.0\libgcc.a(lesf2.o)
                              obj/default/decision_task.o (__ltsf2)
c:/intelfpga/18.1/nios2eds/bin/gnu/h-x86_64-mingw32/bin/../lib/gcc/nios2-elf/5.3.0\libgcc.a(mulsf3.o)
                              obj/default/rocof_task.o (__mulsf3)
c:/intelfpga/18.1/nios2eds/bin/gnu/h-x86_64-mingw32/bin/../lib/gcc/nios2-elf/5.3.0\libgcc.a(subsf3.o)
                              obj/default/keyboard_task.o (__subsf3)
c:/intelfpga/18.1/nios2eds/bin/gnu/h-x86_64-mingw32/bin/../lib/gcc/nios2-elf/5.3.0\libgcc.a(fixsfsi.o)
                              obj/default/vga_task.o (__fixsfsi)
c:/intelfpga/18.1/nios2eds/bin/gnu/h-x86_64-mingw32/bin/../lib/gcc/nios2-elf/5.3.0\libgcc.a(floatunsisf.o)
                              obj/default/frequency_task.o (__floatunsisf)
c:/intelfpga/18.1/nios2eds/bin/gnu/h-x86_64-mingw32/bin/../lib/gcc/nios2-elf/5.3.0\libgcc.a(extendsfdf2.o)
                              obj/default/decision_task.o (__extendsfdf2)
c:/intelfpga/18.1/nios2eds/bin/gnu/h-x86_64-mingw32/bin/../lib/gcc/nios2-elf/5.3.0\libgcc.a(_clzsi2.o)
                              c:/intelfpga/18.1/nios2eds/bin/gnu/h-x86_64-mingw32/bin/../lib/gcc/nios2-elf/5.3.0\libgcc.a(addsf3.o) (__clzsi2)
c:/intelfpga/18.1/nios2eds/bin/gnu/h-x86_64-mingw32/bin/../lib/gcc/nios2-elf/5.3.0\libgcc.a(_clz.o)
                              c:/intelfpga/18.1/nios2eds/bin/gnu/h-x86_64-mingw32/bin/../lib/gcc/nios2-elf/5.3.0\libgcc.a(_clzsi2.o) (__clz_tab)
c:/intelfpga/18.1/nios2eds/bin/gnu/h-x86_64-mingw32/bin/../lib/gcc/nios2-elf/5.3.0/../../../../../H-x86_64-mingw32/nios2-elf/lib\libc.a(lib_a-memcmp.o)
                              obj/default/FreeRTOS/tasks.o (memcmp)
c:/intelfpga/18.1/nios2eds/bin/gnu/h-x86_64-mingw32/bin/../lib/gcc/nios2-elf/5.3.0/../../../../../H-x86_64-mingw32/nios2-elf/lib\libc.a(lib_a-memcpy.o)
                              obj/default/FreeRTOS/queue.o (memcpy)
c:/intelfpga/18.1/nios2eds/bin/gnu/h-x86_64-mingw32/bin/../lib/gcc/nios2-elf/5.3.0/../../../../../H-x86_64-mingw32/nios2-elf/lib\libc.a(lib_a-memset.o)
                              obj/default/FreeRTOS/tasks.o (memset)
c:/intelfpga/18.1/nios2eds/bin/gnu/h-x86_64-mingw32/bin/../lib/gcc/nios2-elf/5.3.0/../../../../../H-x86_64-mingw32/nios2-elf/lib\libc.a(lib_a-printf.o)
                              obj/default/FreeRTOS/port.o (printf)
c:/intelfpga/18.1/nios2eds/bin/gnu/h-x86_64-mingw32/bin/../lib/gcc/nios2-elf/5.3.0/../../../../../H-x86_64-mingw32/nios2-elf/lib\libc.a(lib_a-puts.o)
                              obj/default/main.o (puts)
c:/intelfpga/18.1/nios2eds/bin/gnu/h-x86_64-mingw32/bin/../lib/gcc/nios2-elf/5.3.0/../../../../../H-x86_64-mingw32/nios2-elf/lib\libc.a(lib_a-strlen.o)
                              c:/intelfpga/18.1/nios2eds/bin/gnu/h-x86_64-mingw32/bin/../lib/gcc/nios2-elf/5.3.0/../../../../../H-x86_64-mingw32/nios2-elf/lib\libc.a(lib_a-puts.o) (strlen)
c:/intelfpga/18.1/nios2eds/bin/gnu/h-x86_64-mingw32/bin/../lib/gcc/nios2-elf/5.3.0/../../../../../H-x86_64-mingw32/nios2-elf/lib\libc.a(lib_a-vfprintf.o)
                              c:/intelfpga/18.1/nios2eds/bin/gnu/h-x86_64-mingw32/bin/../lib/gcc/nios2-elf/5.3.0/../../../../../H-x86_64-mingw32/nios2-elf/lib\libc.a(lib_a-printf.o) (___vfprintf_internal_r)
c:/intelfpga/18.1/nios2eds/bin/gnu/h-x86_64-mingw32/bin/../lib/gcc/nios2-elf/5.3.0/../../../../../H-x86_64-mingw32/nios2-elf/lib\libc.a(lib_a-wsetup.o)
                              c:/intelfpga/18.1/nios2eds/bin/gnu/h-x86_64-mingw32/bin/../lib/gcc/nios2-elf/5.3.0/../../../../../H-x86_64-mingw32/nios2-elf/lib\libc.a(lib_a-vfprintf.o) (__swsetup_r)
c:/intelfpga/18.1/nios2eds/bin/gnu/h-x86_64-mingw32/bin/../lib/gcc/nios2-elf/5.3.0/../../../../../H-x86_64-mingw32/nios2-elf/lib\libc.a(lib_a-dtoa.o)
                              c:/intelfpga/18.1/nios2eds/bin/gnu/h-x86_64-mingw32/bin/../lib/gcc/nios2-elf/5.3.0/../../../../../H-x86_64-mingw32/nios2-elf/lib\libc.a(lib_a-vfprintf.o) (_dtoa_r)
c:/intelfpga/18.1/nios2eds/bin/gnu/h-x86_64-mingw32/bin/../lib/gcc/nios2-elf/5.3.0/../../../../../H-x86_64-mingw32/nios2-elf/lib\libc.a(lib_a-fflush.o)
[...]
Memory Configuration

Name             Origin             Length             Attributes
onchip_memory_BEFORE_EXCEPTION 0x0000000000000000 0x0000000000000020
onchip_memory    0x0000000000000020 0x0000000000031fe0
reset            0x0000000001000000 0x0000000000000020
flash_controller 0x0000000001000020 0x00000000007fffe0
sdram            0x0000000008000000 0x0000000008000000
*default*        0x0000000000000000 0xffffffffffffffff

Linker script and memory map

LOAD ../Assignment1_bsp//obj/HAL/src/crt0.o
LOAD obj/default/FreeRTOS/croutine.o
LOAD obj/default/FreeRTOS/event_groups.o
LOAD obj/default/FreeRTOS/heap.o
LOAD obj/default/FreeRTOS/list.o
LOAD obj/default/FreeRTOS/port.o
LOAD obj/default/FreeRTOS/queue.o
LOAD obj/default/FreeRTOS/tasks.o
LOAD obj/default/FreeRTOS/timers.o
LOAD obj/default/decision_task.o
LOAD obj/default/frequency_task.o
LOAD obj/default/isr_handlers.o
LOAD obj/default/keyboard_task.o
LOAD obj/default/load_control_task.o
LOAD obj/default/main.o
LOAD obj/default/rocof_task.o
LOAD obj/default/shared_state.o
LOAD obj/default/switch_poll_task.o
LOAD obj/default/vga_task.o
LOAD obj/default/FreeRTOS/port_asm.o
LOAD c:/intelfpga/18.1/nios2eds/bin/gnu/h-x86_64-mingw32/bin/../lib/gcc/nios2-elf/5.3.0/../../../../../H-x86_64-mingw32/nios2-elf/lib\libstdc++.a
LOAD c:/intelfpga/18.1/nios2eds/bin/gnu/h-x86_64-mingw32/bin/../lib/gcc/nios2-elf/5.3.0/../../../../../H-x86_64-mingw32/nios2-elf/lib\libm.a
LOAD c:/intelfpga/18.1/nios2eds/bin/gnu/h-x86_64-mingw32/bin/../lib/gcc/nios2-elf/5.3.0\libgcc.a
START GROUP
LOAD c:/intelfpga/18.1/nios2eds/bin/gnu/h-x86_64-mingw32/bin/../lib/gcc/nios2-elf/5.3.0/../../../../../H-x86_64-mingw32/nios2-elf/lib\libc.a
LOAD c:/intelfpga/18.1/nios2eds/bin/gnu/h-x86_64-mingw32/bin/../lib/gcc/nios2-elf/5.3.0\libgcc.a
LOAD ../Assignment1_bsp/\libhal_bsp.a
LOAD c:/intelfpga/18.1/nios2eds/bin/gnu/h-x86_64-mingw32/bin/../lib/gcc/nios2-elf/5.3.0/../../../../../H-x86_64-mingw32/nios2-elf/lib\libm.a
END GROUP
LOAD c:/intelfpga/18.1/nios2eds/bin/gnu/h-x86_64-mingw32/bin/../lib/gcc/nios2-elf/5.3.0\libgcc.a
                0x0000000000000000                __alt_mem_onchip_memory = 0x0
                0x0000000001000000                __alt_mem_flash_controller = 0x1000000
                0x0000000008000000                __alt_mem_sdram = 0x8000000

.entry          0x0000000001000000        0x0
 *(.entry)
 .entry         0x0000000001000000        0x0 ../Assignment1_bsp//obj/HAL/src/crt0.o
                0x0000000001000000                __reset

.exceptions     0x0000000000000020      0x234
                [!provide]                        PROVIDE (__ram_exceptions_start, ABSOLUTE (.))
                0x0000000000000020                . = ALIGN (0x20)
 *(.irq)
 *(.exceptions.entry.label)
 *(.exceptions.entry.user)
 *(.exceptions.entry.ecc_fatal)
 *(.exceptions.entry)
 .exceptions.entry
                0x0000000000000020       0x8c obj/default/FreeRTOS/port_asm.o
 *(.exceptions.irqtest.user)
 *(.exceptions.irqtest)
 .exceptions.irqtest
                0x00000000000000ac       0x14 obj/default/FreeRTOS/port_asm.o
 *(.exceptions.irqhandler.user)
 *(.exceptions.irqhandler)
 .exceptions.irqhandler
                0x00000000000000c0        0x4 obj/default/FreeRTOS/port_asm.o
 *(.exceptions.irqreturn.user)
 *(.exceptions.irqreturn)
 .exceptions.irqreturn
                0x00000000000000c4       0x8c obj/default/FreeRTOS/port_asm.o
                0x00000000000000c4                restore_sp_from_pxCurrentTCB
 *(.exceptions.notirq.label)
 *(.exceptions.notirq.user)
 *(.exceptions.notirq)
 *(.exceptions.soft.user)
 *(.exceptions.soft)
 .exceptions.soft
                0x0000000000000150       0x2c obj/default/FreeRTOS/port_asm.o
 *(.exceptions.unknown.user)
 *(.exceptions.unknown)
 *(.exceptions.exit.label)
 *(.exceptions.exit.user)
 *(.exceptions.exit)
 *(.exceptions)
 .exceptions    0x000000000000017c       0xd8 ../Assignment1_bsp/\libhal_bsp.a(alt_irq_handler.o)
                0x000000000000017c                alt_irq_handler
                [!provide]                        PROVIDE (__ram_exceptions_end, ABSOLUTE (.))
                [!provide]                        PROVIDE (__flash_exceptions_start, LOADADDR (.exceptions))

.text           0x0000000000000254    0x1c544
                [!provide]                        PROVIDE (stext, ABSOLUTE (.))
 *(.interp)
 *(.hash)
 *(.dynsym)
 *(.dynstr)
 *(.gnu.version)
 *(.gnu.version_d)
 *(.gnu.version_r)
 *(.rel.init)
 *(.rela.init)
 *(.rel.text .rel.text.* .rel.gnu.linkonce.t.*)
 *(.rela.text .rela.text.* .rela.gnu.linkonce.t.*)
 *(.rel.fini)
 *(.rela.fini)
 *(.rel.rodata .rel.rodata.* .rel.gnu.linkonce.r.*)
 *(.rela.rodata .rela.rodata.* .rela.gnu.linkonce.r.*)
 *(.rel.data .rel.data.* .rel.gnu.linkonce.d.*)
 *(.rela.data .rela.data.* .rela.gnu.linkonce.d.*)
 *(.rel.tdata .rel.tdata.* .rel.gnu.linkonce.td.*)
 *(.rela.tdata .rela.tdata.* .rela.gnu.linkonce.td.*)
 *(.rel.tbss .rel.tbss.* .rel.gnu.linkonce.tb.*)
 *(.rela.tbss .rela.tbss.* .rela.gnu.linkonce.tb.*)
 *(.rel.ctors)
 *(.rela.ctors)
 *(.rel.dtors)
 *(.rela.dtors)
 *(.rel.got)
 *(.rela.got)
 *(.rel.sdata .rel.sdata.* .rel.gnu.linkonce.s.*)
 *(.rela.sdata .rela.sdata.* .rela.gnu.linkonce.s.*)
 *(.rel.sbss .rel.sbss.* .rel.gnu.linkonce.sb.*)
 *(.rela.sbss .rela.sbss.* .rela.gnu.linkonce.sb.*)
 *(.rel.sdata2 .rel.sdata2.* .rel.gnu.linkonce.s2.*)
 *(.rela.sdata2 .rela.sdata2.* .rela.gnu.linkonce.s2.*)
 *(.rel.sbss2 .rel.sbss2.* .rel.gnu.linkonce.sb2.*)
 *(.rela.sbss2 .rela.sbss2.* .rela.gnu.linkonce.sb2.*)
 *(.rel.bss .rel.bss.* .rel.gnu.linkonce.b.*)
 *(.rela.bss .rela.bss.* .rela.gnu.linkonce.b.*)
 *(.rel.plt)
 *(.rela.plt)
 *(.rel.dyn)
 *(.init)
 *(.plt)
 *(.text .stub .text.* .gnu.linkonce.t.*)
 .text          0x0000000000000254       0x48 ../Assignment1_bsp//obj/HAL/src/crt0.o
                0x0000000000000254                _start
 .text          0x000000000000029c      0x648 obj/default/FreeRTOS/croutine.o
                0x000000000000029c                xCoRoutineCreate
                0x00000000000003e0                vCoRoutineAddToDelayedList
                0x00000000000006d0                vCoRoutineSchedule
                0x000000000000085c                xCoRoutineRemoveFromEventList
 .text          0x00000000000008e4      0x6ec obj/default/FreeRTOS/event_groups.o
                0x00000000000008e4                xEventGroupCreate
                0x0000000000000938                xEventGroupSync
                0x0000000000000ab4                xEventGroupWaitBits
                0x0000000000000c50                xEventGroupClearBits
                0x0000000000000cb8                xEventGroupGetBitsFromISR
                0x0000000000000cf4                xEventGroupSetBits
                0x0000000000000e74                vEventGroupDelete
                0x0000000000000ee8                vEventGroupSetBitsCallback
                0x0000000000000f24                vEventGroupClearBitsCallback
 .text          0x0000000000000fd0      0x434 obj/default/FreeRTOS/heap.o
                0x0000000000000fd0                pvPortMalloc
                0x0000000000001150                vPortFree
                0x00000000000011d0                xPortGetFreeHeapSize
                0x00000000000011f0                vPortInitialiseBlocks
 .text          0x0000000000001404      0x290 obj/default/FreeRTOS/list.o
                0x0000000000001404                vListInitialise
                0x000000000000146c                vListInitialiseItem
                0x0000000000001498                vListInsertEnd
                0x0000000000001524                vListInsert
                0x00000000000015fc                uxListRemove
 .text          0x0000000000001694      0x3fc obj/default/FreeRTOS/port.o
                0x0000000000001694                vApplicationStackOverflowHook
                0x0000000000001700                pxPortInitialiseStack
                0x00000000000017e0                xPortStartScheduler
                0x0000000000001818                vPortEndScheduler
                0x00000000000018d4                vPortSysTickHandler
                0x0000000000001920                alt_irq_register
 .text          0x0000000000001a90     0x10e8 obj/default/FreeRTOS/queue.o
                0x0000000000001a90                xQueueGenericReset
                0x0000000000001ba8                xQueueGenericCreate
                0x0000000000001c80                xQueueCreateMutex
                0x0000000000001d4c                xQueueGiveMutexRecursive
                0x0000000000001ddc                xQueueTakeMutexRecursive
                0x0000000000001e84                xQueueCreateCountingSemaphore
                0x0000000000001edc                xQueueGenericSend
                0x000000000000207c                xQueueGenericSendFromISR
                0x000000000000215c                xQueueGiveFromISR
                0x000000000000222c                xQueueGenericReceive
                0x000000000000243c                xQueueReceiveFromISR
                0x0000000000002514                xQueuePeekFromISR
                0x0000000000002590                uxQueueMessagesWaiting
                0x00000000000025d0                uxQueueSpacesAvailable
                0x0000000000002624                uxQueueMessagesWaitingFromISR
                0x0000000000002654                vQueueDelete
                0x0000000000002a00                xQueueIsQueueEmptyFromISR
                0x0000000000002a98                xQueueIsQueueFullFromISR
                0x0000000000002ae0                vQueueWaitForMessageRestricted
 .text          0x0000000000002b78     0x1c90 obj/default/FreeRTOS/tasks.o
                0x0000000000002b78                xTaskGenericCreate
                0x0000000000002d3c                vTaskDelete
                0x0000000000002e0c                vTaskDelay
                0x0000000000002e84                vTaskStartScheduler
                0x0000000000002f24                vTaskEndScheduler
                0x0000000000002f6c                vTaskSuspendAll
                0x0000000000002f98                xTaskResumeAll
                0x00000000000030dc                xTaskGetTickCount
                0x0000000000003104                xTaskGetTickCountFromISR
                0x0000000000003130                uxTaskGetNumberOfTasks
                0x0000000000003150                xTaskIncrementTick
                0x0000000000003314                vTaskSwitchContext
                0x0000000000003448                vTaskPlaceOnEventList
                0x00000000000034b4                vTaskPlaceOnUnorderedEventList
                0x0000000000003534                vTaskPlaceOnEventListRestricted
                0x00000000000035a0                xTaskRemoveFromEventList
                0x0000000000003694                xTaskRemoveFromUnorderedEventList
                0x000000000000376c                vTaskSetTimeOutState
                0x00000000000037a8                xTaskCheckForTimeOut
                0x000000000000386c                vTaskMissedYield
                0x0000000000003d04                uxTaskGetStackHighWaterMark
                0x0000000000003e10                xTaskGetCurrentTaskHandle
                0x0000000000003e38                xTaskGetSchedulerState
                0x0000000000003e84                vTaskPriorityInherit
                0x0000000000003fac                xTaskPriorityDisinherit
                0x00000000000040a8                vTaskEnterCritical
                0x00000000000040fc                vTaskExitCritical
                0x000000000000415c                uxTaskResetEventItemValue
                0x00000000000041a0                pvTaskIncrementMutexHeldCount
                0x00000000000041d8                ulTaskNotifyTake
                0x00000000000042a4                xTaskNotifyWait
                0x00000000000043ac                xTaskNotify
                0x0000000000004534                xTaskNotifyFromISR
                0x00000000000046f0                vTaskNotifyGiveFromISR
 .text          0x0000000000004808      0x8fc obj/default/FreeRTOS/timers.o
                0x0000000000004808                xTimerCreateTimerTask
                0x0000000000004874                xTimerCreate
                0x0000000000004920                xTimerGenericCommand
                0x00000000000049fc                pcTimerGetTimerName
                0x0000000000005084                xTimerIsTimerActive
                0x00000000000050d4                pvTimerGetTimerID
 .text          0x0000000000005104      0x570 obj/default/decision_task.o
                0x00000000000051dc                DecisionTask
 .text          0x0000000000005674       0xc4 obj/default/frequency_task.o
                0x0000000000005674                FrequencyTask
 .text          0x0000000000005738      0x168 obj/default/isr_handlers.o
                0x0000000000005738                FrequencyAnalyserISR
                0x00000000000057a0                PushButtonISR
                0x000000000000581c                KeyboardISR
 .text          0x00000000000058a0      0x14c obj/default/keyboard_task.o
                0x00000000000058a0                KeyboardTask
 .text          0x00000000000059ec       0xf0 obj/default/load_control_task.o
                0x00000000000059ec                LoadControlTask
 .text          0x0000000000005adc      0x290 obj/default/main.o
                0x0000000000005adc                main
 .text          0x0000000000005d6c      0x144 obj/default/rocof_task.o
                0x0000000000005d6c                ROCOFTask
 .text          0x0000000000005eb0        0x0 obj/default/shared_state.o
 .text          0x0000000000005eb0       0x7c obj/default/switch_poll_task.o
                0x0000000000005eb0                SwitchPollTask
 .text          0x0000000000005f2c      0x514 obj/default/vga_task.o
                0x000000000000635c                VGATask
 .text          0x0000000000006440        0x0 obj/default/FreeRTOS/port_asm.o
 .text          0x0000000000006440      0x4c8 c:/intelfpga/18.1/nios2eds/bin/gnu/h-x86_64-mingw32/bin/../lib/gcc/nios2-elf/5.3.0\libgcc.a(addsf3.o)
                0x0000000000006440                __addsf3
 .text          0x0000000000006908      0x440 c:/intelfpga/18.1/nios2eds/bin/gnu/h-x86_64-mingw32/bin/../lib/gcc/nios2-elf/5.3.0\libgcc.a(divsf3.o)
                0x0000000000006908                __divsf3
 .text          0x0000000000006d48       0x78 c:/intelfpga/18.1/nios2eds/bin/gnu/h-x86_64-mingw32/bin/../lib/gcc/nios2-elf/5.3.0\libgcc.a(eqsf2.o)
                0x0000000000006d48                __eqsf2
                0x0000000000006d48                __nesf2
 .text          0x0000000000006dc0       0xbc c:/intelfpga/18.1/nios2eds/bin/gnu/h-x86_64-mingw32/bin/../lib/gcc/nios2-elf/5.3.0\libgcc.a(gesf2.o)
                0x0000000000006dc0                __gesf2
                0x0000000000006dc0                __gtsf2
 .text          0x0000000000006e7c       0xc8 c:/intelfpga/18.1/nios2eds/bin/gnu/h-x86_64-mingw32/bin/../lib/gcc/nios2-elf/5.3.0\libgcc.a(lesf2.o)
                0x0000000000006e7c                __ltsf2
                0x0000000000006e7c                __lesf2
 .text          0x0000000000006f44      0x3fc c:/intelfpga/18.1/nios2eds/bin/gnu/h-x86_64-mingw32/bin/../lib/gcc/nios2-elf/5.3.0\libgcc.a(mulsf3.o)
                0x0000000000006f44                __mulsf3
 .text          0x0000000000007340      0x4e4 c:/intelfpga/18.1/nios2eds/bin/gnu/h-x86_64-mingw32/bin/../lib/gcc/nios2-elf/5.3.0\libgcc.a(subsf3.o)
                0x0000000000007340                __subsf3
 .text          0x0000000000007824       0x70 c:/intelfpga/18.1/nios2eds/bin/gnu/h-x86_64-mingw32/bin/../lib/gcc/nios2-elf/5.3.0\libgcc.a(fixsfsi.o)
                0x0000000000007824                __fixsfsi
 .text          0x0000000000007894       0xf0 c:/intelfpga/18.1/nios2eds/bin/gnu/h-x86_64-mingw32/bin/../lib/gcc/nios2-elf/5.3.0\libgcc.a(floatunsisf.o)
                0x0000000000007894                __floatunsisf
 .text          0x0000000000007984      0x110 c:/intelfpga/18.1/nios2eds/bin/gnu/h-x86_64-mingw32/bin/../lib/gcc/nios2-elf/5.3.0\libgcc.a(extendsfdf2.o)
                0x0000000000007984                __extendsfdf2
 .text          0x0000000000007a94       0x64 c:/intelfpga/18.1/nios2eds/bin/gnu/h-x86_64-mingw32/bin/../lib/gcc/nios2-elf/5.3.0\libgcc.a(_clzsi2.o)
                0x0000000000007a94                __clzsi2
 .text          0x0000000000007af8        0x0 c:/intelfpga/18.1/nios2eds/bin/gnu/h-x86_64-mingw32/bin/../lib/gcc/nios2-elf/5.3.0\libgcc.a(_clz.o)
 .text          0x0000000000007af8        0x0 c:/intelfpga/18.1/nios2eds/bin/gnu/h-x86_64-mingw32/bin/../lib/gcc/nios2-elf/5.3.0/../../../../../H-x86_64-mingw32/nios2-elf/lib\libc.a(lib_a-memcmp.o)
 .text.memcmp   0x0000000000007af8       0x7c c:/intelfpga/18.1/nios2eds/bin/gnu/h-x86_64-mingw32/bin/../lib/gcc/nios2-elf/5.3.0/../../../../../H-x86_64-mingw32/nios2-elf/lib\libc.a(lib_a-memcmp.o)
                0x0000000000007af8                memcmp
 .text          0x0000000000007b74        0x0 c:/intelfpga/18.1/nios2eds/bin/gnu/h-x86_64-mingw32/bin/../lib/gcc/nios2-elf/5.3.0/../../../../../H-x86_64-mingw32/nios2-elf/lib\libc.a(lib_a-memcpy.o)
 .text.memcpy   0x0000000000007b74      0x148 c:/intelfpga/18.1/nios2eds/bin/gnu/h-x86_64-mingw32/bin/../lib/gcc/nios2-elf/5.3.0/../../../../../H-x86_64-mingw32/nios2-elf/lib\libc.a(lib_a-memcpy.o)
                0x0000000000007b74                memcpy
 .text          0x0000000000007cbc        0x0 c:/intelfpga/18.1/nios2eds/bin/gnu/h-x86_64-mingw32/bin/../lib/gcc/nios2-elf/5.3.0/../../../../../H-x86_64-mingw32/nios2-elf/lib\libc.a(lib_a-memset.o)
 .text.memset   0x0000000000007cbc      0x128 c:/intelfpga/18.1/nios2eds/bin/gnu/h-x86_64-mingw32/bin/../lib/gcc/nios2-elf/5.3.0/../../../../../H-x86_64-mingw32/nios2-elf/lib\libc.a(lib_a-memset.o)
                0x0000000000007cbc                memset
 .text          0x0000000000007de4        0x0 c:/intelfpga/18.1/nios2eds/bin/gnu/h-x86_64-mingw32/bin/../lib/gcc/nios2-elf/5.3.0/../../../../../H-x86_64-mingw32/nios2-elf/lib\libc.a(lib_a-printf.o)
 .text._printf_r
                0x0000000000007de4       0x30 c:/intelfpga/18.1/nios2eds/bin/gnu/h-x86_64-mingw32/bin/../lib/gcc/nios2-elf/5.3.0/../../../../../H-x86_64-mingw32/nios2-elf/lib\libc.a(lib_a-printf.o)
                0x0000000000007de4                _printf_r
 .text.printf   0x0000000000007e14       0x3c c:/intelfpga/18.1/nios2eds/bin/gnu/h-x86_64-mingw32/bin/../lib/gcc/nios2-elf/5.3.0/../../../../../H-x86_64-mingw32/nios2-elf/lib\libc.a(lib_a-printf.o)
                0x0000000000007e14                printf
 .text          0x0000000000007e50        0x0 c:/intelfpga/18.1/nios2eds/bin/gnu/h-x86_64-mingw32/bin/../lib/gcc/nios2-elf/5.3.0/../../../../../H-x86_64-mingw32/nios2-elf/lib\libc.a(lib_a-puts.o)
 .text._puts_r  0x0000000000007e50       0xc0 c:/intelfpga/18.1/nios2eds/bin/gnu/h-x86_64-mingw32/bin/../lib/gcc/nios2-elf/5.3.0/../../../../../H-x86_64-mingw32/nios2-elf/lib\libc.a(lib_a-puts.o)
                0x0000000000007e50                _puts_r
 .text.puts     0x0000000000007f10       0x14 c:/intelfpga/18.1/nios2eds/bin/gnu/h-x86_64-mingw32/bin/../lib/gcc/nios2-elf/5.3.0/../../../../../H-x86_64-mingw32/nios2-elf/lib\libc.a(lib_a-puts.o)
                0x0000000000007f10                puts
 .text          0x0000000000007f24        0x0 c:/intelfpga/18.1/nios2eds/bin/gnu/h-x86_64-mingw32/bin/../lib/gcc/nios2-elf/5.3.0/../../../../../H-x86_64-mingw32/nios2-elf/lib\libc.a(lib_a-strlen.o)
 .text.strlen   0x0000000000007f24       0x98 c:/intelfpga/18.1/nios2eds/bin/gnu/h-x86_64-mingw32/bin/../lib/gcc/nios2-elf/5.3.0/../../../../../H-x86_64-mingw32/nios2-elf/lib\libc.a(lib_a-strlen.o)
                0x0000000000007f24                strlen
 .text          0x0000000000007fbc        0x0 c:/intelfpga/18.1/nios2eds/bin/gnu/h-x86_64-mingw32/bin/../lib/gcc/nios2-elf/5.3.0/../../../../../H-x86_64-mingw32/nios2-elf/lib\libc.a(lib_a-vfprintf.o)
 .text.___vfprintf_internal_r
                0x0000000000007fbc     0x21f8 c:/intelfpga/18.1/nios2eds/bin/gnu/h-x86_64-mingw32/bin/../lib/gcc/nios2-elf/5.3.0/../../../../../H-x86_64-mingw32/nios2-elf/lib\libc.a(lib_a-vfprintf.o)
                0x0000000000007fbc                ___vfprintf_internal_r
 .text.__vfprintf_internal
                0x000000000000a1b4       0x1c c:/intelfpga/18.1/nios2eds/bin/gnu/h-x86_64-mingw32/bin/../lib/gcc/nios2-elf/5.3.0/../../../../../H-x86_64-mingw32/nios2-elf/lib\libc.a(lib_a-vfprintf.o)
                0x000000000000a1b4                __vfprintf_internal
 .text.__sbprintf
                0x000000000000a1d0       0xbc c:/intelfpga/18.1/nios2eds/bin/gnu/h-x86_64-mingw32/bin/../lib/gcc/nios2-elf/5.3.0/../../../../../H-x86_64-mingw32/nios2-elf/lib\libc.a(lib_a-vfprintf.o)
 .text          0x000000000000a28c        0x0 c:/intelfpga/18.1/nios2eds/bin/gnu/h-x86_64-mingw32/bin/../lib/gcc/nios2-elf/5.3.0/../../../../../H-x86_64-mingw32/nios2-elf/lib\libc.a(lib_a-wsetup.o)
 .text.__swsetup_r
                0x000000000000a28c      0x154 c:/intelfpga/18.1/nios2eds/bin/gnu/h-x86_64-mingw32/bin/../lib/gcc/nios2-elf/5.3.0/../../../../../H-x86_64-mingw32/nios2-elf/lib\libc.a(lib_a-wsetup.o)
                0x000000000000a28c                __swsetup_r
 .text          0x000000000000a3e0        0x0 c:/intelfpga/18.1/nios2eds/bin/gnu/h-x86_64-mingw32/bin/../lib/gcc/nios2-elf/5.3.0/../../../../../H-x86_64-mingw32/nios2-elf/lib\libc.a(lib_a-dtoa.o)
 .text.quorem   0x000000000000a3e0      0x200 c:/intelfpga/18.1/nios2eds/bin/gnu/h-x86_64-mingw32/bin/../lib/gcc/nios2-elf/5.3.0/../../../../../H-x86_64-mingw32/nios2-elf/lib\libc.a(lib_a-dtoa.o)
 .text._dtoa_r  0x000000000000a5e0     0x1688 c:/intelfpga/18.1/nios2eds/bin/gnu/h-x86_64-mingw32/bin/../lib/gcc/nios2-elf/5.3.0/../../../../../H-x86_64-mingw32/nios2-elf/lib\libc.a(lib_a-dtoa.o)
                0x000000000000a5e0                _dtoa_r
 .text          0x000000000000bc68        0x0 c:/intelfpga/18.1/nios2eds/bin/gnu/h-x86_64-mingw32/bin/../lib/gcc/nios2-elf/5.3.0/../../../../../H-x86_64-mingw32/nios2-elf/lib\libc.a(lib_a-fflush.o)
 .text.__sflush_r
                0x000000000000bc68      0x21c c:/intelfpga/18.1/nios2eds/bin/gnu/h-x86_64-mingw32/bin/../lib/gcc/nios2-elf/5.3.0/../../../../../H-x86_64-mingw32/nios2-elf/lib\libc.a(lib_a-fflush.o)
                0x000000000000bc68                __sflush_r
 .text._fflush_r
                0x000000000000be84       0x5c c:/intelfpga/18.1/nios2eds/bin/gnu/h-x86_64-mingw32/bin/../lib/gcc/nios2-elf/5.3.0/../../../../../H-x86_64-mingw32/nios2-elf/lib\libc.a(lib_a-fflush.o)
                0x000000000000be84                _fflush_r
 .text.fflush   0x000000000000bee0       0x30 c:/intelfpga/18.1/nios2eds/bin/gnu/h-x86_64-mingw32/bin/../lib/gcc/nios2-elf/5.3.0/../../../../../H-x86_64-mingw32/nios2-elf/lib\libc.a(lib_a-fflush.o)
                0x000000000000bee0                fflush
 .text          0x000000000000bf10        0x0 c:/intelfpga/18.1/nios2eds/bin/gnu/h-x86_64-mingw32/bin/../lib/gcc/nios2-elf/5.3.0/../../../../../H-x86_64-mingw32/nios2-elf/lib\libc.a(lib_a-findfp.o)
 .text.__fp_unlock
                0x000000000000bf10        0x8 c:/intelfpga/18.1/nios2eds/bin/gnu/h-x86_64-mingw32/bin/../lib/gcc/nios2-elf/5.3.0/../../../../../H-x86_64-mingw32/nios2-elf/lib\libc.a(lib_a-findfp.o)
 .text._cleanup_r
                0x000000000000bf18        0xc c:/intelfpga/18.1/nios2eds/bin/gnu/h-x86_64-mingw32/bin/../lib/gcc/nios2-elf/5.3.0/../../../../../H-x86_64-mingw32/nios2-elf/lib\libc.a(lib_a-findfp.o)
                0x000000000000bf18                _cleanup_r
 .text.__sinit.part.1
                0x000000000000bf24      0x19c c:/intelfpga/18.1/nios2eds/bin/gnu/h-x86_64-mingw32/bin/../lib/gcc/nios2-elf/5.3.0/../../../../../H-x86_64-mingw32/nios2-elf/lib\libc.a(lib_a-findfp.o)
 .text.__fp_lock
                0x000000000000c0c0        0x8 c:/intelfpga/18.1/nios2eds/bin/gnu/h-x86_64-mingw32/bin/../lib/gcc/nios2-elf/5.3.0/../../../../../H-x86_64-mingw32/nios2-elf/lib\libc.a(lib_a-findfp.o)
 .text.__sfmoreglue
                0x000000000000c0c8       0x68 c:/intelfpga/18.1/nios2eds/bin/gnu/h-x86_64-mingw32/bin/../lib/gcc/nios2-elf/5.3.0/../../../../../H-x86_64-mingw32/nios2-elf/lib\libc.a(lib_a-findfp.o)
                0x000000000000c0c8                __sfmoreglue
 .text.__sfp    0x000000000000c130      0x118 c:/intelfpga/18.1/nios2eds/bin/gnu/h-x86_64-mingw32/bin/../lib/gcc/nios2-elf/5.3.0/../../../../../H-x86_64-mingw32/nios2-elf/lib\libc.a(lib_a-findfp.o)
                0x000000000000c130                __sfp
 .text._cleanup
                0x000000000000c248       0x18 c:/intelfpga/18.1/nios2eds/bin/gnu/h-x86_64-mingw32/bin/../lib/gcc/nios2-elf/5.3.0/../../../../../H-x86_64-mingw32/nios2-elf/lib\libc.a(lib_a-findfp.o)
                0x000000000000c248                _cleanup
 .text.__sinit  0x000000000000c260       0x10 c:/intelfpga/18.1/nios2eds/bin/gnu/h-x86_64-mingw32/bin/../lib/gcc/nios2-elf/5.3.0/../../../../../H-x86_64-mingw32/nios2-elf/lib\libc.a(lib_a-findfp.o)
                0x000000000000c260                __sinit
 .text.__sfp_lock_acquire
                0x000000000000c270        0x4 c:/intelfpga/18.1/nios2eds/bin/gnu/h-x86_64-mingw32/bin/../lib/gcc/nios2-elf/5.3.0/../../../../../H-x86_64-mingw32/nios2-elf/lib\libc.a(lib_a-findfp.o)
                0x000000000000c270                __sfp_lock_acquire
 .text.__sfp_lock_release
                0x000000000000c274        0x4 c:/intelfpga/18.1/nios2eds/bin/gnu/h-x86_64-mingw32/bin/../lib/gcc/nios2-elf/5.3.0/../../../../../H-x86_64-mingw32/nios2-elf/lib\libc.a(lib_a-findfp.o)
                0x000000000000c274                __sfp_lock_release
 .text.__sinit_lock_acquire
                0x000000000000c278        0x4 c:/intelfpga/18.1/nios2eds/bin/gnu/h-x86_64-mingw32/bin/../lib/gcc/nios2-elf/5.3.0/../../../../../H-x86_64-mingw32/nios2-elf/lib\libc.a(lib_a-findfp.o)
                0x000000000000c278                __sinit_lock_acquire
 .text.__sinit_lock_release
                0x000000000000c27c        0x4 c:/intelfpga/18.1/nios2eds/bin/gnu/h-x86_64-mingw32/bin/../lib/gcc/nios2-elf/5.3.0/../../../../../H-x86_64-mingw32/nios2-elf/lib\libc.a(lib_a-findfp.o)
                0x000000000000c27c                __sinit_lock_release
 .text.__fp_lock_all
                0x000000000000c280       0x18 c:/intelfpga/18.1/nios2eds/bin/gnu/h-x86_64-mingw32/bin/../lib/gcc/nios2-elf/5.3.0/../../../../../H-x86_64-mingw32/nios2-elf/lib\libc.a(lib_a-findfp.o)
                0x000000000000c280                __fp_lock_all
 .text.__fp_unlock_all
                0x000000000000c298       0x18 c:/intelfpga/18.1/nios2eds/bin/gnu/h-x86_64-mingw32/bin/../lib/gcc/nios2-elf/5.3.0/../../../../../H-x86_64-mingw32/nios2-elf/lib\libc.a(lib_a-findfp.o)
                0x000000000000c298                __fp_unlock_all
 .text          0x000000000000c2b0        0x0 c:/intelfpga/18.1/nios2eds/bin/gnu/h-x86_64-mingw32/bin/../lib/gcc/nios2-elf/5.3.0/../../../../../H-x86_64-mingw32/nios2-elf/lib\libc.a(lib_a-freer.o)
 .text._malloc_trim_r
                0x000000000000c2b0      0x124 c:/intelfpga/18.1/nios2eds/bin/gnu/h-x86_64-mingw32/bin/../lib/gcc/nios2-elf/5.3.0/../../../../../H-x86_64-mingw32/nios2-elf/lib\libc.a(lib_a-freer.o)
                0x000000000000c2b0                _malloc_trim_r
 .text._free_r  0x000000000000c3d4      0x310 c:/intelfpga/18.1/nios2eds/bin/gnu/h-x86_64-mingw32/bin/../lib/gcc/nios2-elf/5.3.0/../../../../../H-x86_64-mingw32/nios2-elf/lib\libc.a(lib_a-freer.o)
                0x000000000000c3d4                _free_r
 .text          0x000000000000c6e4        0x0 c:/intelfpga/18.1/nios2eds/bin/gnu/h-x86_64-mingw32/bin/../lib/gcc/nios2-elf/5.3.0/../../../../../H-x86_64-mingw32/nios2-elf/lib\libc.a(lib_a-fvwrite.o)
 .text.__sfvwrite_r
                0x000000000000c6e4      0x4bc c:/intelfpga/18.1/nios2eds/bin/gnu/h-x86_64-mingw32/bin/../lib/gcc/nios2-elf/5.3.0/../../../../../H-x86_64-mingw32/nios2-elf/lib\libc.a(lib_a-fvwrite.o)
                0x000000000000c6e4                __sfvwrite_r
 .text          0x000000000000cba0        0x0 c:/intelfpga/18.1/nios2eds/bin/gnu/h-x86_64-mingw32/bin/../lib/gcc/nios2-elf/5.3.0/../../../../../H-x86_64-mingw32/nios2-elf/lib\libc.a(lib_a-fwalk.o)
 .text._fwalk   0x000000000000cba0       0xc4 c:/intelfpga/18.1/nios2eds/bin/gnu/h-x86_64-mingw32/bin/../lib/gcc/nios2-elf/5.3.0/../../../../../H-x86_64-mingw32/nios2-elf/lib\libc.a(lib_a-fwalk.o)
                0x000000000000cba0                _fwalk
 .text._fwalk_reent
                0x000000000000cc64       0xc4 c:/intelfpga/18.1/nios2eds/bin/gnu/h-x86_64-mingw32/bin/../lib/gcc/nios2-elf/5.3.0/../../../../../H-x86_64-mingw32/nios2-elf/lib\libc.a(lib_a-fwalk.o)
                0x000000000000cc64                _fwalk_reent
 .text          0x000000000000cd28        0x0 c:/intelfpga/18.1/nios2eds/bin/gnu/h-x86_64-mingw32/bin/../lib/gcc/nios2-elf/5.3.0/../../../../../H-x86_64-mingw32/nios2-elf/lib\libc.a(lib_a-impure.o)
 .text          0x000000000000cd28        0x0 c:/intelfpga/18.1/nios2eds/bin/gnu/h-x86_64-mingw32/bin/../lib/gcc/nios2-elf/5.3.0/../../../../../H-x86_64-mingw32/nios2-elf/lib\libc.a(lib_a-locale.o)
 .text._setlocale_r
                0x000000000000cd28       0x7c c:/intelfpga/18.1/nios2eds/bin/gnu/h-x86_64-mingw32/bin/../lib/gcc/nios2-elf/5.3.0/../../../../../H-x86_64-mingw32/nios2-elf/lib\libc.a(lib_a-locale.o)
                0x000000000000cd28                _setlocale_r
 .text.__locale_charset
                0x000000000000cda4        0xc c:/intelfpga/18.1/nios2eds/bin/gnu/h-x86_64-mingw32/bin/../lib/gcc/nios2-elf/5.3.0/../../../../../H-x86_64-mingw32/nios2-elf/lib\libc.a(lib_a-locale.o)
                0x000000000000cda4                __locale_charset
 .text.__locale_mb_cur_max
                0x000000000000cdb0       0x10 c:/intelfpga/18.1/nios2eds/bin/gnu/h-x86_64-mingw32/bin/../lib/gcc/nios2-elf/5.3.0/../../../../../H-x86_64-mingw32/nios2-elf/lib\libc.a(lib_a-locale.o)
                0x000000000000cdb0                __locale_mb_cur_max
 .text.__locale_msgcharset
                0x000000000000cdc0        0xc c:/intelfpga/18.1/nios2eds/bin/gnu/h-x86_64-mingw32/bin/../lib/gcc/nios2-elf/5.3.0/../../../../../H-x86_64-mingw32/nios2-elf/lib\libc.a(lib_a-locale.o)
                0x000000000000cdc0                __locale_msgcharset
 .text.__locale_cjk_lang
                0x000000000000cdcc        0x8 c:/intelfpga/18.1/nios2eds/bin/gnu/h-x86_64-mingw32/bin/../lib/gcc/nios2-elf/5.3.0/../../../../../H-x86_64-mingw32/nios2-elf/lib\libc.a(lib_a-locale.o)
                0x000000000000cdcc                __locale_cjk_lang
 .text._localeconv_r
                0x000000000000cdd4        0xc c:/intelfpga/18.1/nios2eds/bin/gnu/h-x86_64-mingw32/bin/../lib/gcc/nios2-elf/5.3.0/../../../../../H-x86_64-mingw32/nios2-elf/lib\libc.a(lib_a-locale.o)
                0x000000000000cdd4                _localeconv_r
 .text.setlocale
                0x000000000000cde0       0x18 c:/intelfpga/18.1/nios2eds/bin/gnu/h-x86_64-mingw32/bin/../lib/gcc/nios2-elf/5.3.0/../../../../../H-x86_64-mingw32/nios2-elf/lib\libc.a(lib_a-locale.o)
                0x000000000000cde0                setlocale
 .text.localeconv
                0x000000000000cdf8        0xc c:/intelfpga/18.1/nios2eds/bin/gnu/h-x86_64-mingw32/bin/../lib/gcc/nios2-elf/5.3.0/../../../../../H-x86_64-mingw32/nios2-elf/lib\libc.a(lib_a-locale.o)
                0x000000000000cdf8                localeconv
 .text          0x000000000000ce04        0x0 c:/intelfpga/18.1/nios2eds/bin/gnu/h-x86_64-mingw32/bin/../lib/gcc/nios2-elf/5.3.0/../../../../../H-x86_64-mingw32/nios2-elf/lib\libc.a(lib_a-makebuf.o)
 .text.__smakebuf_r
                0x000000000000ce04      0x1bc c:/intelfpga/18.1/nios2eds/bin/gnu/h-x86_64-mingw32/bin/../lib/gcc/nios2-elf/5.3.0/../../../../../H-x86_64-mingw32/nios2-elf/lib\libc.a(lib_a-makebuf.o)
                0x000000000000ce04                __smakebuf_r
 .text          0x000000000000cfc0        0x0 c:/intelfpga/18.1/nios2eds/bin/gnu/h-x86_64-mingw32/bin/../lib/gcc/nios2-elf/5.3.0/../../../../../H-x86_64-mingw32/nios2-elf/lib\libc.a(lib_a-mallocr.o)
 .text._malloc_r
                0x000000000000cfc0      0x80c c:/intelfpga/18.1/nios2eds/bin/gnu/h-x86_64-mingw32/bin/../lib/gcc/nios2-elf/5.3.0/../../../../../H-x86_64-mingw32/nios2-elf/lib\libc.a(lib_a-mallocr.o)
                0x000000000000cfc0                _malloc_r
 .text          0x000000000000d7cc        0x0 c:/intelfpga/18.1/nios2eds/bin/gnu/h-x86_64-mingw32/bin/../lib/gcc/nios2-elf/5.3.0/../../../../../H-x86_64-mingw32/nios2-elf/lib\libc.a(lib_a-memchr.o)
 .text.memchr   0x000000000000d7cc       0xe4 c:/intelfpga/18.1/nios2eds/bin/gnu/h-x86_64-mingw32/bin/../lib/gcc/nios2-elf/5.3.0/../../../../../H-x86_64-mingw32/nios2-elf/lib\libc.a(lib_a-memchr.o)
                0x000000000000d7cc                memchr
 .text          0x000000000000d8b0        0x0 c:/intelfpga/18.1/nios2eds/bin/gnu/h-x86_64-mingw32/bin/../lib/gcc/nios2-elf/5.3.0/../../../../../H-x86_64-mingw32/nios2-elf/lib\libc.a(lib_a-memmove.o)
 .text.memmove  0x000000000000d8b0      0x15c c:/intelfpga/18.1/nios2eds/bin/gnu/h-x86_64-mingw32/bin/../lib/gcc/nios2-elf/5.3.0/../../../../../H-x86_64-mingw32/nios2-elf/lib\libc.a(lib_a-memmove.o)
                0x000000000000d8b0                memmove
 .text          0x000000000000da0c        0x0 c:/intelfpga/18.1/nios2eds/bin/gnu/h-x86_64-mingw32/bin/../lib/gcc/nios2-elf/5.3.0/../../../../../H-x86_64-mingw32/nios2-elf/lib\libc.a(lib_a-mprec.o)
 .text._Balloc  0x000000000000da0c       0xa8 c:/intelfpga/18.1/nios2eds/bin/gnu/h-x86_64-mingw32/bin/../lib/gcc/nios2-elf/5.3.0/../../../../../H-x86_64-mingw32/nios2-elf/lib\libc.a(lib_a-mprec.o)
                0x000000000000da0c                _Balloc
 .text._Bfree   0x000000000000dab4       0x28 c:/intelfpga/18.1/nios2eds/bin/gnu/h-x86_64-mingw32/bin/../lib/gcc/nios2-elf/5.3.0/../../../../../H-x86_64-mingw32/nios2-elf/lib\libc.a(lib_a-mprec.o)
                0x000000000000dab4                _Bfree
 .text.__multadd
                0x000000000000dadc      0x120 c:/intelfpga/18.1/nios2eds/bin/gnu/h-x86_64-mingw32/bin/../lib/gcc/nios2-elf/5.3.0/../../../../../H-x86_64-mingw32/nios2-elf/lib\libc.a(lib_a-mprec.o)
                0x000000000000dadc                __multadd
 .text.__s2b    0x000000000000dbfc      0x104 c:/intelfpga/18.1/nios2eds/bin/gnu/h-x86_64-mingw32/bin/../lib/gcc/nios2-elf/5.3.0/../../../../../H-x86_64-mingw32/nios2-elf/lib\libc.a(lib_a-mprec.o)
                0x000000000000dbfc                __s2b
 .text.__hi0bits
                0x000000000000dd00       0x68 c:/intelfpga/18.1/nios2eds/bin/gnu/h-x86_64-mingw32/bin/../lib/gcc/nios2-elf/5.3.0/../../../../../H-x86_64-mingw32/nios2-elf/lib\libc.a(lib_a-mprec.o)
                0x000000000000dd00                __hi0bits
 .text.__lo0bits
                0x000000000000dd68       0xb0 c:/intelfpga/18.1/nios2eds/bin/gnu/h-x86_64-mingw32/bin/../lib/gcc/nios2-elf/5.3.0/../../../../../H-x86_64-mingw32/nios2-elf/lib\libc.a(lib_a-mprec.o)
                0x000000000000dd68                __lo0bits
 .text.__i2b    0x000000000000de18       0x3c c:/intelfpga/18.1/nios2eds/bin/gnu/h-x86_64-mingw32/bin/../lib/gcc/nios2-elf/5.3.0/../../../../../H-x86_64-mingw32/nios2-elf/lib\libc.a(lib_a-mprec.o)
                0x000000000000de18                __i2b
 .text.__multiply
                0x000000000000de54      0x1f8 c:/intelfpga/18.1/nios2eds/bin/gnu/h-x86_64-mingw32/bin/../lib/gcc/nios2-elf/5.3.0/../../../../../H-x86_64-mingw32/nios2-elf/lib\libc.a(lib_a-mprec.o)
                0x000000000000de54                __multiply
 .text.__pow5mult
                0x000000000000e04c      0x140 c:/intelfpga/18.1/nios2eds/bin/gnu/h-x86_64-mingw32/bin/../lib/gcc/nios2-elf/5.3.0/../../../../../H-x86_64-mingw32/nios2-elf/lib\libc.a(lib_a-mprec.o)
                0x000000000000e04c                __pow5mult
 .text.__lshift
                0x000000000000e18c      0x148 c:/intelfpga/18.1/nios2eds/bin/gnu/h-x86_64-mingw32/bin/../lib/gcc/nios2-elf/5.3.0/../../../../../H-x86_64-mingw32/nios2-elf/lib\libc.a(lib_a-mprec.o)
                0x000000000000e18c                __lshift
 .text.__mcmp   0x000000000000e2d4       0x60 c:/intelfpga/18.1/nios2eds/bin/gnu/h-x86_64-mingw32/bin/../lib/gcc/nios2-elf/5.3.0/../../../../../H-x86_64-mingw32/nios2-elf/lib\libc.a(lib_a-mprec.o)
                0x000000000000e2d4                __mcmp
 .text.__mdiff  0x000000000000e334      0x1fc c:/intelfpga/18.1/nios2eds/bin/gnu/h-x86_64-mingw32/bin/../lib/gcc/nios2-elf/5.3.0/../../../../../H-x86_64-mingw32/nios2-elf/lib\libc.a(lib_a-mprec.o)
                0x000000000000e334                __mdiff
 .text.__ulp    0x000000000000e530       0x64 c:/intelfpga/18.1/nios2eds/bin/gnu/h-x86_64-mingw32/bin/../lib/gcc/nios2-elf/5.3.0/../../../../../H-x86_64-mingw32/nios2-elf/lib\libc.a(lib_a-mprec.o)
                0x000000000000e530                __ulp
 .text.__b2d    0x000000000000e594      0x10c c:/intelfpga/18.1/nios2eds/bin/gnu/h-x86_64-mingw32/bin/../lib/gcc/nios2-elf/5.3.0/../../../../../H-x86_64-mingw32/nios2-elf/lib\libc.a(lib_a-mprec.o)
                0x000000000000e594                __b2d
 .text.__d2b    0x000000000000e6a0      0x14c c:/intelfpga/18.1/nios2eds/bin/gnu/h-x86_64-mingw32/bin/../lib/gcc/nios2-elf/5.3.0/../../../../../H-x86_64-mingw32/nios2-elf/lib\libc.a(lib_a-mprec.o)
                0x000000000000e6a0                __d2b
 .text.__ratio  0x000000000000e7ec       0xa4 c:/intelfpga/18.1/nios2eds/bin/gnu/h-x86_64-mingw32/bin/../lib/gcc/nios2-elf/5.3.0/../../../../../H-x86_64-mingw32/nios2-elf/lib\libc.a(lib_a-mprec.o)
                0x000000000000e7ec                __ratio
 .text._mprec_log10
                0x000000000000e890       0x74 c:/intelfpga/18.1/nios2eds/bin/gnu/h-x86_64-mingw32/bin/../lib/gcc/nios2-elf/5.3.0/../../../../../H-x86_64-mingw32/nios2-elf/lib\libc.a(lib_a-mprec.o)
                0x000000000000e890                _mprec_log10
 .text.__copybits
                0x000000000000e904       0x78 c:/intelfpga/18.1/nios2eds/bin/gnu/h-x86_64-mingw32/bin/../lib/gcc/nios2-elf/5.3.0/../../../../../H-x86_64-mingw32/nios2-elf/lib\libc.a(lib_a-mprec.o)
                0x000000000000e904                __copybits
 .text.__any_on
                0x000000000000e97c       0x8c c:/intelfpga/18.1/nios2eds/bin/gnu/h-x86_64-mingw32/bin/../lib/gcc/nios2-elf/5.3.0/../../../../../H-x86_64-mingw32/nios2-elf/lib\libc.a(lib_a-mprec.o)
                0x000000000000e97c                __any_on
 .text          0x000000000000ea08        0x0 c:/intelfpga/18.1/nios2eds/bin/gnu/h-x86_64-mingw32/bin/../lib/gcc/nios2-elf/5.3.0/../../../../../H-x86_64-mingw32/nios2-elf/lib\libc.a(lib_a-reallocr.o)
 .text._realloc_r
                0x000000000000ea08      0x564 c:/intelfpga/18.1/nios2eds/bin/gnu/h-x86_64-mingw32/bin/../lib/gcc/nios2-elf/5.3.0/../../../../../H-x86_64-mingw32/nios2-elf/lib\libc.a(lib_a-reallocr.o)
                0x000000000000ea08                _realloc_r
 .text          0x000000000000ef6c        0x0 c:/intelfpga/18.1/nios2eds/bin/gnu/h-x86_64-mingw32/bin/../lib/gcc/nios2-elf/5.3.0/../../../../../H-x86_64-mingw32/nios2-elf/lib\libc.a(lib_a-s_fpclassify.o)
 .text.__fpclassifyd
                0x000000000000ef6c       0x74 c:/intelfpga/18.1/nios2eds/bin/gnu/h-x86_64-mingw32/bin/../lib/gcc/nios2-elf/5.3.0/../../../../../H-x86_64-mingw32/nios2-elf/lib\libc.a(lib_a-s_fpclassify.o)
                0x000000000000ef6c                __fpclassifyd
 .text          0x000000000000efe0        0x0 c:/intelfpga/18.1/nios2eds/bin/gnu/h-x86_64-mingw32/bin/../lib/gcc/nios2-elf/5.3.0/../../../../../H-x86_64-mingw32/nios2-elf/lib\libc.a(lib_a-sbrkr.o)
 .text._sbrk_r  0x000000000000efe0       0x54 c:/intelfpga/18.1/nios2eds/bin/gnu/h-x86_64-mingw32/bin/../lib/gcc/nios2-elf/5.3.0/../../../../../H-x86_64-mingw32/nios2-elf/lib\libc.a(lib_a-sbrkr.o)
                0x000000000000efe0                _sbrk_r
 .text          0x000000000000f034        0x0 c:/intelfpga/18.1/nios2eds/bin/gnu/h-x86_64-mingw32/bin/../lib/gcc/nios2-elf/5.3.0/../../../../../H-x86_64-mingw32/nios2-elf/lib\libc.a(lib_a-stdio.o)
 .text.__sread  0x000000000000f034       0x54 c:/intelfpga/18.1/nios2eds/bin/gnu/h-x86_64-mingw32/bin/../lib/gcc/nios2-elf/5.3.0/../../../../../H-x86_64-mingw32/nios2-elf/lib\libc.a(lib_a-stdio.o)
                0x000000000000f034                __sread
 .text.__seofread
                0x000000000000f088        0x8 c:/intelfpga/18.1/nios2eds/bin/gnu/h-x86_64-mingw32/bin/../lib/gcc/nios2-elf/5.3.0/../../../../../H-x86_64-mingw32/nios2-elf/lib\libc.a(lib_a-stdio.o)
                0x000000000000f088                __seofread
 .text.__swrite
                0x000000000000f090       0x7c c:/intelfpga/18.1/nios2eds/bin/gnu/h-x86_64-mingw32/bin/../lib/gcc/nios2-elf/5.3.0/../../../../../H-x86_64-mingw32/nios2-elf/lib\libc.a(lib_a-stdio.o)
                0x000000000000f090                __swrite
 .text.__sseek  0x000000000000f10c       0x5c c:/intelfpga/18.1/nios2eds/bin/gnu/h-x86_64-mingw32/bin/../lib/gcc/nios2-elf/5.3.0/../../../../../H-x86_64-mingw32/nios2-elf/lib\libc.a(lib_a-stdio.o)
                0x000000000000f10c                __sseek
 .text.__sclose
                0x000000000000f168        0x8 c:/intelfpga/18.1/nios2eds/bin/gnu/h-x86_64-mingw32/bin/../lib/gcc/nios2-elf/5.3.0/../../../../../H-x86_64-mingw32/nios2-elf/lib\libc.a(lib_a-stdio.o)
                0x000000000000f168                __sclose
 .text          0x000000000000f170        0x0 c:/intelfpga/18.1/nios2eds/bin/gnu/h-x86_64-mingw32/bin/../lib/gcc/nios2-elf/5.3.0/../../../../../H-x86_64-mingw32/nios2-elf/lib\libc.a(lib_a-strcmp.o)
 .text.strcmp   0x000000000000f170       0xdc c:/intelfpga/18.1/nios2eds/bin/gnu/h-x86_64-mingw32/bin/../lib/gcc/nios2-elf/5.3.0/../../../../../H-x86_64-mingw32/nios2-elf/lib\libc.a(lib_a-strcmp.o)
                0x000000000000f170                strcmp
 .text          0x000000000000f24c        0x0 c:/intelfpga/18.1/nios2eds/bin/gnu/h-x86_64-mingw32/bin/../lib/gcc/nios2-elf/5.3.0/../../../../../H-x86_64-mingw32/nios2-elf/lib\libc.a(lib_a-vfiprintf.o)
 .text.__sprint_r.part.0
                0x000000000000f24c       0xfc c:/intelfpga/18.1/nios2eds/bin/gnu/h-x86_64-mingw32/bin/../lib/gcc/nios2-elf/5.3.0/../../../../../H-x86_64-mingw32/nios2-elf/lib\libc.a(lib_a-vfiprintf.o)
 .text.__sprint_r
                0x000000000000f348       0x18 c:/intelfpga/18.1/nios2eds/bin/gnu/h-x86_64-mingw32/bin/../lib/gcc/nios2-elf/5.3.0/../../../../../H-x86_64-mingw32/nios2-elf/lib\libc.a(lib_a-vfiprintf.o)
                0x000000000000f348                __sprint_r
 .text.___vfiprintf_internal_r
                0x000000000000f360     0x145c c:/intelfpga/18.1/nios2eds/bin/gnu/h-x86_64-mingw32/bin/../lib/gcc/nios2-elf/5.3.0/../../../../../H-x86_64-mingw32/nios2-elf/lib\libc.a(lib_a-vfiprintf.o)
                0x000000000000f360                ___vfiprintf_internal_r
 .text.__vfiprintf_internal
                0x00000000000107bc       0x1c c:/intelfpga/18.1/nios2eds/bin/gnu/h-x86_64-mingw32/bin/../lib/gcc/nios2-elf/5.3.0/../../../../../H-x86_64-mingw32/nios2-elf/lib\libc.a(lib_a-vfiprintf.o)
                0x00000000000107bc                __vfiprintf_internal
 .text.__sbprintf
                0x00000000000107d8       0xbc c:/intelfpga/18.1/nios2eds/bin/gnu/h-x86_64-mingw32/bin/../lib/gcc/nios2-elf/5.3.0/../../../../../H-x86_64-mingw32/nios2-elf/lib\libc.a(lib_a-vfiprintf.o)
 .text          0x0000000000010894        0x0 c:/intelfpga/18.1/nios2eds/bin/gnu/h-x86_64-mingw32/bin/../lib/gcc/nios2-elf/5.3.0/../../../../../H-x86_64-mingw32/nios2-elf/lib\libc.a(lib_a-writer.o)
 .text._write_r
                0x0000000000010894       0x60 c:/intelfpga/18.1/nios2eds/bin/gnu/h-x86_64-mingw32/bin/../lib/gcc/nios2-elf/5.3.0/../../../../../H-x86_64-mingw32/nios2-elf/lib\libc.a(lib_a-writer.o)
                0x0000000000010894                _write_r
 .text          0x00000000000108f4        0x0 c:/intelfpga/18.1/nios2eds/bin/gnu/h-x86_64-mingw32/bin/../lib/gcc/nios2-elf/5.3.0/../../../../../H-x86_64-mingw32/nios2-elf/lib\libc.a(closer.o)
 .text._close_r
                0x00000000000108f4       0x54 c:/intelfpga/18.1/nios2eds/bin/gnu/h-x86_64-mingw32/bin/../lib/gcc/nios2-elf/5.3.0/../../../../../H-x86_64-mingw32/nios2-elf/lib\libc.a(closer.o)
                0x00000000000108f4                _close_r
 .text          0x0000000000010948        0x0 c:/intelfpga/18.1/nios2eds/bin/gnu/h-x86_64-mingw32/bin/../lib/gcc/nios2-elf/5.3.0/../../../../../H-x86_64-mingw32/nios2-elf/lib\libc.a(lib_a-callocr.o)
 .text._calloc_r
                0x0000000000010948       0xc4 c:/intelfpga/18.1/nios2eds/bin/gnu/h-x86_64-mingw32/bin/../lib/gcc/nios2-elf/5.3.0/../../../../../H-x86_64-mingw32/nios2-elf/lib\libc.a(lib_a-callocr.o)
                0x0000000000010948                _calloc_r
 .text          0x0000000000010a0c        0x0 c:/intelfpga/18.1/nios2eds/bin/gnu/h-x86_64-mingw32/bin/../lib/gcc/nios2-elf/5.3.0/../../../../../H-x86_64-mingw32/nios2-elf/lib\libc.a(lib_a-fclose.o)
 .text._fclose_r
                0x0000000000010a0c       0xf0 c:/intelfpga/18.1/nios2eds/bin/gnu/h-x86_64-mingw32/bin/../lib/gcc/nios2-elf/5.3.0/../../../../../H-x86_64-mingw32/nios2-elf/lib\libc.a(lib_a-fclose.o)
                0x0000000000010a0c                _fclose_r
 .text.fclose   0x0000000000010afc       0x14 c:/intelfpga/18.1/nios2eds/bin/gnu/h-x86_64-mingw32/bin/../lib/gcc/nios2-elf/5.3.0/../../../../../H-x86_64-mingw32/nios2-elf/lib\libc.a(lib_a-fclose.o)
                0x0000000000010afc                fclose
 .text          0x0000000000010b10        0x0 c:/intelfpga/18.1/nios2eds/bin/gnu/h-x86_64-mingw32/bin/../lib/gcc/nios2-elf/5.3.0/../../../../../H-x86_64-mingw32/nios2-elf/lib\libc.a(lib_a-fputwc.o)
 .text.__fputwc
                0x0000000000010b10      0x164 c:/intelfpga/18.1/nios2eds/bin/gnu/h-x86_64-mingw32/bin/../lib/gcc/nios2-elf/5.3.0/../../../../../H-x86_64-mingw32/nios2-elf/lib\libc.a(lib_a-fputwc.o)
                0x0000000000010b10                __fputwc
 .text._fputwc_r
                0x0000000000010c74       0x24 c:/intelfpga/18.1/nios2eds/bin/gnu/h-x86_64-mingw32/bin/../lib/gcc/nios2-elf/5.3.0/../../../../../H-x86_64-mingw32/nios2-elf/lib\libc.a(lib_a-fputwc.o)
                0x0000000000010c74                _fputwc_r
 .text.fputwc   0x0000000000010c98       0x80 c:/intelfpga/18.1/nios2eds/bin/gnu/h-x86_64-mingw32/bin/../lib/gcc/nios2-elf/5.3.0/../../../../../H-x86_64-mingw32/nios2-elf/lib\libc.a(lib_a-fputwc.o)
                0x0000000000010c98                fputwc
 .text          0x0000000000010d18        0x0 c:/intelfpga/18.1/nios2eds/bin/gnu/h-x86_64-mingw32/bin/../lib/gcc/nios2-elf/5.3.0/../../../../../H-x86_64-mingw32/nios2-elf/lib\libc.a(lib_a-fstatr.o)
 .text._fstat_r
                0x0000000000010d18       0x5c c:/intelfpga/18.1/nios2eds/bin/gnu/h-x86_64-mingw32/bin/../lib/gcc/nios2-elf/5.3.0/../../../../../H-x86_64-mingw32/nios2-elf/lib\libc.a(lib_a-fstatr.o)
                0x0000000000010d18                _fstat_r
 .text          0x0000000000010d74        0x0 c:/intelfpga/18.1/nios2eds/bin/gnu/h-x86_64-mingw32/bin/../lib/gcc/nios2-elf/5.3.0/../../../../../H-x86_64-mingw32/nios2-elf/lib\libc.a(lib_a-int_errno.o)
 .text          0x0000000000010d74        0x0 c:/intelfpga/18.1/nios2eds/bin/gnu/h-x86_64-mingw32/bin/../lib/gcc/nios2-elf/5.3.0/../../../../../H-x86_64-mingw32/nios2-elf/lib\libc.a(lib_a-isattyr.o)
 .text._isatty_r
                0x0000000000010d74       0x54 c:/intelfpga/18.1/nios2eds/bin/gnu/h-x86_64-mingw32/bin/../lib/gcc/nios2-elf/5.3.0/../../../../../H-x86_64-mingw32/nios2-elf/lib\libc.a(lib_a-isattyr.o)
                0x0000000000010d74                _isatty_r
 .text          0x0000000000010dc8        0x0 c:/intelfpga/18.1/nios2eds/bin/gnu/h-x86_64-mingw32/bin/../lib/gcc/nios2-elf/5.3.0/../../../../../H-x86_64-mingw32/nios2-elf/lib\libc.a(lib_a-lseekr.o)
 .text._lseek_r
                0x0000000000010dc8       0x60 c:/intelfpga/18.1/nios2eds/bin/gnu/h-x86_64-mingw32/bin/../lib/gcc/nios2-elf/5.3.0/../../../../../H-x86_64-mingw32/nios2-elf/lib\libc.a(lib_a-lseekr.o)
                0x0000000000010dc8                _lseek_r
 .text          0x0000000000010e28        0x0 c:/intelfpga/18.1/nios2eds/bin/gnu/h-x86_64-mingw32/bin/../lib/gcc/nios2-elf/5.3.0/../../../../../H-x86_64-mingw32/nios2-elf/lib\libc.a(lib_a-readr.o)
 .text._read_r  0x0000000000010e28       0x60 c:/intelfpga/18.1/nios2eds/bin/gnu/h-x86_64-mingw32/bin/../lib/gcc/nios2-elf/5.3.0/../../../../../H-x86_64-mingw32/nios2-elf/lib\libc.a(lib_a-readr.o)
                0x0000000000010e28                _read_r
 .text          0x0000000000010e88        0x0 c:/intelfpga/18.1/nios2eds/bin/gnu/h-x86_64-mingw32/bin/../lib/gcc/nios2-elf/5.3.0/../../../../../H-x86_64-mingw32/nios2-elf/lib\libc.a(lib_a-wbuf.o)
 .text.__swbuf_r
                0x0000000000010e88      0x140 c:/intelfpga/18.1/nios2eds/bin/gnu/h-x86_64-mingw32/bin/../lib/gcc/nios2-elf/5.3.0/../../../../../H-x86_64-mingw32/nios2-elf/lib\libc.a(lib_a-wbuf.o)
                0x0000000000010e88                __swbuf_r
 .text.__swbuf  0x0000000000010fc8       0x18 c:/intelfpga/18.1/nios2eds/bin/gnu/h-x86_64-mingw32/bin/../lib/gcc/nios2-elf/5.3.0/../../../../../H-x86_64-mingw32/nios2-elf/lib\libc.a(lib_a-wbuf.o)
                0x0000000000010fc8                __swbuf
 .text          0x0000000000010fe0        0x0 c:/intelfpga/18.1/nios2eds/bin/gnu/h-x86_64-mingw32/bin/../lib/gcc/nios2-elf/5.3.0/../../../../../H-x86_64-mingw32/nios2-elf/lib\libc.a(lib_a-wcrtomb.o)
 .text._wcrtomb_r
                0x0000000000010fe0       0x9c c:/intelfpga/18.1/nios2eds/bin/gnu/h-x86_64-mingw32/bin/../lib/gcc/nios2-elf/5.3.0/../../../../../H-x86_64-mingw32/nios2-elf/lib\libc.a(lib_a-wcrtomb.o)
                0x0000000000010fe0                _wcrtomb_r
 .text.wcrtomb  0x000000000001107c       0xc0 c:/intelfpga/18.1/nios2eds/bin/gnu/h-x86_64-mingw32/bin/../lib/gcc/nios2-elf/5.3.0/../../../../../H-x86_64-mingw32/nios2-elf/lib\libc.a(lib_a-wcrtomb.o)
                0x000000000001107c                wcrtomb
 .text          0x000000000001113c        0x0 c:/intelfpga/18.1/nios2eds/bin/gnu/h-x86_64-mingw32/bin/../lib/gcc/nios2-elf/5.3.0/../../../../../H-x86_64-mingw32/nios2-elf/lib\libc.a(lib_a-wctomb_r.o)
 .text.__ascii_wctomb
                0x000000000001113c       0x30 c:/intelfpga/18.1/nios2eds/bin/gnu/h-x86_64-mingw32/bin/../lib/gcc/nios2-elf/5.3.0/../../../../../H-x86_64-mingw32/nios2-elf/lib\libc.a(lib_a-wctomb_r.o)
                0x000000000001113c                __ascii_wctomb
 .text._wctomb_r
                0x000000000001116c       0x5c c:/intelfpga/18.1/nios2eds/bin/gnu/h-x86_64-mingw32/bin/../lib/gcc/nios2-elf/5.3.0/../../../../../H-x86_64-mingw32/nios2-elf/lib\libc.a(lib_a-wctomb_r.o)
                0x000000000001116c                _wctomb_r
 .text          0x00000000000111c8      0x578 c:/intelfpga/18.1/nios2eds/bin/gnu/h-x86_64-mingw32/bin/../lib/gcc/nios2-elf/5.3.0\libgcc.a(_udivdi3.o)
                0x00000000000111c8                __udivdi3
 .text          0x0000000000011740      0x538 c:/intelfpga/18.1/nios2eds/bin/gnu/h-x86_64-mingw32/bin/../lib/gcc/nios2-elf/5.3.0\libgcc.a(_umoddi3.o)
                0x0000000000011740                __umoddi3
 .text          0x0000000000011c78      0x1b4 c:/intelfpga/18.1/nios2eds/bin/gnu/h-x86_64-mingw32/bin/../lib/gcc/nios2-elf/5.3.0\libgcc.a(lib2-divmod.o)
                0x0000000000011c78                __divsi3
                0x0000000000011cfc                __modsi3
                0x0000000000011d70                __udivsi3
                0x0000000000011dd4                __umodsi3
 .text          0x0000000000011e2c      0x8ac c:/intelfpga/18.1/nios2eds/bin/gnu/h-x86_64-mingw32/bin/../lib/gcc/nios2-elf/5.3.0\libgcc.a(adddf3.o)
                0x0000000000011e2c                __adddf3
 .text          0x00000000000126d8      0x8e8 c:/intelfpga/18.1/nios2eds/bin/gnu/h-x86_64-mingw32/bin/../lib/gcc/nios2-elf/5.3.0\libgcc.a(divdf3.o)
                0x00000000000126d8                __divdf3
 .text          0x0000000000012fc0       0x88 c:/intelfpga/18.1/nios2eds/bin/gnu/h-x86_64-mingw32/bin/../lib/gcc/nios2-elf/5.3.0\libgcc.a(eqdf2.o)
                0x0000000000012fc0                __nedf2
                0x0000000000012fc0                __eqdf2
 .text          0x0000000000013048       0xdc c:/intelfpga/18.1/nios2eds/bin/gnu/h-x86_64-mingw32/bin/../lib/gcc/nios2-elf/5.3.0\libgcc.a(gedf2.o)
                0x0000000000013048                __gedf2
                0x0000000000013048                __gtdf2
 .text          0x0000000000013124       0xf4 c:/intelfpga/18.1/nios2eds/bin/gnu/h-x86_64-mingw32/bin/../lib/gcc/nios2-elf/5.3.0\libgcc.a(ledf2.o)
                0x0000000000013124                __ledf2
                0x0000000000013124                __ltdf2
 .text          0x0000000000013218      0x718 c:/intelfpga/18.1/nios2eds/bin/gnu/h-x86_64-mingw32/bin/../lib/gcc/nios2-elf/5.3.0\libgcc.a(muldf3.o)
                0x0000000000013218                __muldf3
 .text          0x0000000000013930      0x8fc c:/intelfpga/18.1/nios2eds/bin/gnu/h-x86_64-mingw32/bin/../lib/gcc/nios2-elf/5.3.0\libgcc.a(subdf3.o)
                0x0000000000013930                __subdf3
 .text          0x000000000001422c       0x80 c:/intelfpga/18.1/nios2eds/bin/gnu/h-x86_64-mingw32/bin/../lib/gcc/nios2-elf/5.3.0\libgcc.a(fixdfsi.o)
                0x000000000001422c                __fixdfsi
 .text          0x00000000000142ac       0xdc c:/intelfpga/18.1/nios2eds/bin/gnu/h-x86_64-mingw32/bin/../lib/gcc/nios2-elf/5.3.0\libgcc.a(floatsidf.o)
                0x00000000000142ac                __floatsidf
 .text          0x0000000000014388       0xa8 c:/intelfpga/18.1/nios2eds/bin/gnu/h-x86_64-mingw32/bin/../lib/gcc/nios2-elf/5.3.0\libgcc.a(floatunsidf.o)
                0x0000000000014388                __floatunsidf
 .text          0x0000000000014430      0x10c ../Assignment1_bsp/\libhal_bsp.a(alt_close.o)
                0x000000000001446c                close
 .text          0x000000000001453c       0x2c ../Assignment1_bsp/\libhal_bsp.a(alt_dev.o)
 .text          0x0000000000014568        0x0 ../Assignment1_bsp/\libhal_bsp.a(alt_errno.o)
 .text          0x0000000000014568       0xec ../Assignment1_bsp/\libhal_bsp.a(alt_fstat.o)
                0x00000000000145a4                fstat
 .text          0x0000000000014654        0x0 ../Assignment1_bsp/\libhal_bsp.a(alt_irq_handler.o)
 .text          0x0000000000014654        0x0 ../Assignment1_bsp/\libhal_bsp.a(alt_irq_vars.o)
 .text          0x0000000000014654       0xe0 ../Assignment1_bsp/\libhal_bsp.a(alt_isatty.o)
                0x0000000000014690                isatty
 .text          0x0000000000014734      0x110 ../Assignment1_bsp/\libhal_bsp.a(alt_lseek.o)
                0x0000000000014770                lseek
 .text          0x0000000000014844       0x7c ../Assignment1_bsp/\libhal_bsp.a(alt_main.o)
                0x0000000000014844                alt_main
 .text          0x00000000000148c0       0x48 ../Assignment1_bsp/\libhal_bsp.a(alt_malloc_lock.o)
                0x00000000000148c0                __malloc_lock
                0x00000000000148e4                __malloc_unlock
 .text          0x0000000000014908      0x138 ../Assignment1_bsp/\libhal_bsp.a(alt_read.o)
                0x0000000000014944                read
 .text          0x0000000000014a40       0x64 ../Assignment1_bsp/\libhal_bsp.a(alt_release_fd.o)
                0x0000000000014a40                alt_release_fd
 .text          0x0000000000014aa4       0xb0 ../Assignment1_bsp/\libhal_bsp.a(alt_sbrk.o)
                0x0000000000014aa4                sbrk
 .text          0x0000000000014b54      0x134 ../Assignment1_bsp/\libhal_bsp.a(alt_write.o)
                0x0000000000014b90                write
 .text          0x0000000000014c88      0x3c0 ../Assignment1_bsp/\libhal_bsp.a(alt_sys_init.o)
                0x0000000000014cbc                alt_irq_init
                0x0000000000014cf4                alt_sys_init
 .text          0x0000000000015048      0x898 ../Assignment1_bsp/\libhal_bsp.a(altera_avalon_cfi_flash.o)
                0x000000000001507c                alt_flash_cfi_init
                0x000000000001510c                alt_flash_cfi_write
                0x00000000000153b4                alt_flash_cfi_get_info
                0x0000000000015440                alt_flash_cfi_read
                0x00000000000154a4                alt_write_value_to_flash
                0x0000000000015600                alt_flash_program_block
 .text          0x00000000000158e0     0x1448 ../Assignment1_bsp/\libhal_bsp.a(altera_avalon_cfi_flash_table.o)
                0x00000000000158e0                alt_read_query_entry_8bit
                0x000000000001591c                alt_read_query_entry_16bit
                0x000000000001595c                alt_read_query_entry_32bit
                0x000000000001599c                alt_write_flash_command_8bit_device_8bit_mode
                0x00000000000159e0                alt_write_flash_command_16bit_device_8bit_mode
                0x0000000000015a58                alt_write_flash_command_32bit_device_8bit_mode
                0x0000000000015aa8                alt_write_flash_command_16bit_device_16bit_mode
                0x0000000000015af4                alt_write_flash_command_32bit_device_16bit_mode
                0x0000000000015b44                alt_write_flash_command_32bit_device_32bit_mode
                0x0000000000015b94                alt_write_native_8bit
                0x0000000000015bcc                alt_write_native_16bit
                0x0000000000015c04                alt_write_native_32bit
                0x0000000000015c38                alt_set_flash_width_func
                0x0000000000015dfc                alt_set_flash_algorithm_func
                0x0000000000015f18                alt_read_cfi_table
                0x00000000000164e0                alt_read_cfi_width
                0x0000000000016c50                alt_check_primary_table
 .text          0x0000000000016d28      0x164 ../Assignment1_bsp/\libhal_bsp.a(altera_avalon_jtag_uart_fd.o)
                0x0000000000016d28                altera_avalon_jtag_uart_read_fd
                0x0000000000016d88                altera_avalon_jtag_uart_write_fd
                0x0000000000016de8                altera_avalon_jtag_uart_close_fd
                0x0000000000016e38                altera_avalon_jtag_uart_ioctl_fd
 .text          0x0000000000016e8c      0x3cc ../Assignment1_bsp/\libhal_bsp.a(altera_avalon_jtag_uart_init.o)
                0x0000000000016e8c                altera_avalon_jtag_uart_init
                0x00000000000171f0                altera_avalon_jtag_uart_close
 .text          0x0000000000017258       0xf0 ../Assignment1_bsp/\libhal_bsp.a(altera_avalon_jtag_uart_ioctl.o)
                0x0000000000017258                altera_avalon_jtag_uart_ioctl
 .text          0x0000000000017348      0x21c ../Assignment1_bsp/\libhal_bsp.a(altera_avalon_jtag_uart_read.o)
                0x0000000000017348                altera_avalon_jtag_uart_read
 .text          0x0000000000017564      0x224 ../Assignment1_bsp/\libhal_bsp.a(altera_avalon_jtag_uart_write.o)
                0x0000000000017564                altera_avalon_jtag_uart_write
 .text          0x0000000000017788      0xe78 ../Assignment1_bsp/\libhal_bsp.a(altera_avalon_lcd_16207.o)
                0x0000000000017f50                altera_avalon_lcd_16207_write
                0x00000000000184d0                altera_avalon_lcd_16207_init
 .text          0x0000000000018600       0x60 ../Assignment1_bsp/\libhal_bsp.a(altera_avalon_lcd_16207_fd.o)
                0x0000000000018600                altera_avalon_lcd_16207_write_fd
 .text          0x0000000000018660       0xf0 ../Assignment1_bsp/\libhal_bsp.a(altera_avalon_timer_sc.o)
                0x00000000000186dc                alt_avalon_timer_sc_init
 .text          0x0000000000018750      0x110 ../Assignment1_bsp/\libhal_bsp.a(altera_avalon_uart_fd.o)
                0x0000000000018750                altera_avalon_uart_read_fd
                0x00000000000187b0                altera_avalon_uart_write_fd
                0x0000000000018810                altera_avalon_uart_close_fd
 .text          0x0000000000018860      0x3c4 ../Assignment1_bsp/\libhal_bsp.a(altera_avalon_uart_init.o)
                0x0000000000018860                altera_avalon_uart_init
                0x0000000000018bd0                altera_avalon_uart_close
 .text          0x0000000000018c24      0x218 ../Assignment1_bsp/\libhal_bsp.a(altera_avalon_uart_read.o)
                0x0000000000018c60                altera_avalon_uart_read
 .text          0x0000000000018e3c      0x1e8 ../Assignment1_bsp/\libhal_bsp.a(altera_avalon_uart_write.o)
                0x0000000000018e78                altera_avalon_uart_write
 .text          0x0000000000019024      0x6b0 ../Assignment1_bsp/\libhal_bsp.a(altera_up_avalon_ps2.o)
                0x0000000000019024                read_RI_bit
                0x0000000000019058                read_RE_bit
                0x0000000000019088                read_CE_bit
                0x00000000000190bc                read_num_bytes_available
                0x00000000000190ec                read_data_valid
                0x0000000000019120                read_data_byte
                0x000000000001914c                alt_up_ps2_init
                0x0000000000019214                alt_up_ps2_enable_read_interrupt
                0x0000000000019270                alt_up_ps2_disable_read_interrupt
                0x00000000000192d0                alt_up_ps2_write_data_byte
                0x0000000000019344                alt_up_ps2_wait_for_ack
                0x00000000000193ac                alt_up_ps2_write_data_byte_with_ack
                0x0000000000019410                alt_up_ps2_read_data_byte_timeout
                0x00000000000194ac                alt_up_ps2_read_data_byte
                0x000000000001951c                alt_up_ps2_clear_fifo
                0x0000000000019574                alt_up_ps2_read_fd
                0x0000000000019600                alt_up_ps2_write_fd
                0x0000000000019698                alt_up_ps2_open_dev
 .text          0x00000000000196d4      0x2e0 ../Assignment1_bsp/\libhal_bsp.a(altera_up_avalon_video_character_buffer_with_dma.o)
                0x00000000000196d4                alt_up_char_buffer_init
                0x0000000000019754                alt_up_char_buffer_open_dev
                0x0000000000019790                alt_up_char_buffer_draw
                0x000000000001985c                alt_up_char_buffer_string
                0x0000000000019958                alt_up_char_buffer_clear
 .text          0x00000000000199b4      0xeb4 ../Assignment1_bsp/\libhal_bsp.a(altera_up_avalon_video_pixel_buffer_dma.o)
                0x00000000000199b4                alt_up_pixel_buffer_dma_open_dev
                0x00000000000199f0                alt_up_pixel_buffer_dma_draw
                0x0000000000019b84                alt_up_pixel_buffer_dma_change_back_buffer_address
                0x0000000000019be0                alt_up_pixel_buffer_dma_swap_buffers
                0x0000000000019c40                alt_up_pixel_buffer_dma_check_swap_buffers_status
                0x0000000000019c74                alt_up_pixel_buffer_dma_clear_screen
                0x0000000000019d9c                alt_up_pixel_buffer_dma_draw_box
                0x000000000001a078                alt_up_pixel_buffer_dma_draw_hline
                0x000000000001a288                alt_up_pixel_buffer_dma_draw_vline
                0x000000000001a4d4                alt_up_pixel_buffer_dma_draw_rectangle
                0x000000000001a59c                helper_plot_pixel
                0x000000000001a620                alt_up_pixel_buffer_dma_draw_line
 .text          0x000000000001a868      0x5dc ../Assignment1_bsp/\libhal_bsp.a(altera_up_ps2_keyboard.o)
                0x000000000001a868                get_multi_byte_make_code_index
                0x000000000001a8d8                get_single_byte_make_code_index
                0x000000000001a948                get_next_state
                0x000000000001ab94                decode_scancode
                0x000000000001ac50                set_keyboard_rate
                0x000000000001acb4                translate_make_code
                0x000000000001adcc                reset_keyboard
 .text          0x000000000001ae44      0x12c ../Assignment1_bsp/\libhal_bsp.a(alt_alarm_start.o)
                0x000000000001ae44                alt_alarm_start
 .text          0x000000000001af70       0x78 ../Assignment1_bsp/\libhal_bsp.a(alt_dcache_flush.o)
                0x000000000001af70                alt_dcache_flush
 .text          0x000000000001afe8       0xe0 ../Assignment1_bsp/\libhal_bsp.a(alt_dev_llist_insert.o)
                0x000000000001b024                alt_dev_llist_insert
 .text          0x000000000001b0c8       0x60 ../Assignment1_bsp/\libhal_bsp.a(alt_do_ctors.o)
                0x000000000001b0c8                _do_ctors
 .text          0x000000000001b128       0x60 ../Assignment1_bsp/\libhal_bsp.a(alt_do_dtors.o)
                0x000000000001b128                _do_dtors
 .text          0x000000000001b188       0x90 ../Assignment1_bsp/\libhal_bsp.a(alt_find_dev.o)
                0x000000000001b188                alt_find_dev
 .text          0x000000000001b218       0xbc ../Assignment1_bsp/\libhal_bsp.a(alt_flash_dev.o)
                0x000000000001b218                alt_flash_open_dev
                0x000000000001b280                alt_flash_close_dev
 .text          0x000000000001b2d4      0x140 ../Assignment1_bsp/\libhal_bsp.a(alt_io_redirect.o)
                0x000000000001b398                alt_io_redirect
 .text          0x000000000001b414      0x254 ../Assignment1_bsp/\libhal_bsp.a(alt_open.o)
                0x000000000001b514                open
 .text          0x000000000001b668      0x1a4 ../Assignment1_bsp/\libhal_bsp.a(alt_tick.o)
                0x000000000001b668                alt_alarm_stop
                0x000000000001b704                alt_tick
 .text          0x000000000001b80c       0x30 ../Assignment1_bsp/\libhal_bsp.a(alt_usleep.o)
                0x000000000001b80c                usleep
 .text          0x000000000001b83c       0x24 ../Assignment1_bsp/\libhal_bsp.a(altera_nios2_qsys_irq.o)
                0x000000000001b83c                altera_nios2_qsys_irq_init
 .text          0x000000000001b860      0x460 ../Assignment1_bsp/\libhal_bsp.a(altera_avalon_cfi_flash_amd.o)
                0x000000000001b860                alt_program_amd
                0x000000000001b8c8                alt_erase_block_amd
 .text          0x000000000001bcc0      0x45c ../Assignment1_bsp/\libhal_bsp.a(altera_avalon_cfi_flash_intel.o)
                0x000000000001bcc0                alt_program_intel
                0x000000000001bd40                alt_erase_block_intel
 .text          0x000000000001c11c      0x128 ../Assignment1_bsp/\libhal_bsp.a(alt_busy_sleep.o)
                0x000000000001c11c                alt_busy_sleep
 .text          0x000000000001c244      0x108 ../Assignment1_bsp/\libhal_bsp.a(alt_find_file.o)
                0x000000000001c244                alt_find_file
 .text          0x000000000001c34c       0xa4 ../Assignment1_bsp/\libhal_bsp.a(alt_get_fd.o)
                0x000000000001c34c                alt_get_fd
 .text          0x000000000001c3f0        0x0 c:/intelfpga/18.1/nios2eds/bin/gnu/h-x86_64-mingw32/bin/../lib/gcc/nios2-elf/5.3.0/../../../../../H-x86_64-mingw32/nios2-elf/lib\libc.a(lib_a-atexit.o)
 .text.atexit   0x000000000001c3f0       0x14 c:/intelfpga/18.1/nios2eds/bin/gnu/h-x86_64-mingw32/bin/../lib/gcc/nios2-elf/5.3.0/../../../../../H-x86_64-mingw32/nios2-elf/lib\libc.a(lib_a-atexit.o)
                0x000000000001c3f0                atexit
 .text          0x000000000001c404        0x0 c:/intelfpga/18.1/nios2eds/bin/gnu/h-x86_64-mingw32/bin/../lib/gcc/nios2-elf/5.3.0/../../../../../H-x86_64-mingw32/nios2-elf/lib\libc.a(lib_a-ctype_.o)
 .text          0x000000000001c404        0x0 c:/intelfpga/18.1/nios2eds/bin/gnu/h-x86_64-mingw32/bin/../lib/gcc/nios2-elf/5.3.0/../../../../../H-x86_64-mingw32/nios2-elf/lib\libc.a(lib_a-exit.o)
 .text.exit     0x000000000001c404       0x38 c:/intelfpga/18.1/nios2eds/bin/gnu/h-x86_64-mingw32/bin/../lib/gcc/nios2-elf/5.3.0/../../../../../H-x86_64-mingw32/nios2-elf/lib\libc.a(lib_a-exit.o)
                0x000000000001c404                exit
 .text          0x000000000001c43c        0x0 c:/intelfpga/18.1/nios2eds/bin/gnu/h-x86_64-mingw32/bin/../lib/gcc/nios2-elf/5.3.0/../../../../../H-x86_64-mingw32/nios2-elf/lib\libc.a(lib_a-strcpy.o)
 .text.strcpy   0x000000000001c43c       0x90 c:/intelfpga/18.1/nios2eds/bin/gnu/h-x86_64-mingw32/bin/../lib/gcc/nios2-elf/5.3.0/../../../../../H-x86_64-mingw32/nios2-elf/lib\libc.a(lib_a-strcpy.o)
                0x000000000001c43c                strcpy
 .text          0x000000000001c4cc        0x0 c:/intelfpga/18.1/nios2eds/bin/gnu/h-x86_64-mingw32/bin/../lib/gcc/nios2-elf/5.3.0/../../../../../H-x86_64-mingw32/nios2-elf/lib\libc.a(lib_a-__atexit.o)
 .text.__register_exitproc
                0x000000000001c4cc      0x118 c:/intelfpga/18.1/nios2eds/bin/gnu/h-x86_64-mingw32/bin/../lib/gcc/nios2-elf/5.3.0/../../../../../H-x86_64-mingw32/nios2-elf/lib\libc.a(lib_a-__atexit.o)
                0x000000000001c4cc                __register_exitproc
 .text          0x000000000001c5e4        0x0 c:/intelfpga/18.1/nios2eds/bin/gnu/h-x86_64-mingw32/bin/../lib/gcc/nios2-elf/5.3.0/../../../../../H-x86_64-mingw32/nios2-elf/lib\libc.a(lib_a-__call_atexit.o)
 .text.__call_exitprocs
                0x000000000001c5e4      0x180 c:/intelfpga/18.1/nios2eds/bin/gnu/h-x86_64-mingw32/bin/../lib/gcc/nios2-elf/5.3.0/../../../../../H-x86_64-mingw32/nios2-elf/lib\libc.a(lib_a-__call_atexit.o)
                0x000000000001c5e4                __call_exitprocs
 .text          0x000000000001c764       0x34 ../Assignment1_bsp/\libhal_bsp.a(alt_exit.o)
                0x000000000001c764                _exit
 *(.gnu.warning.*)
 *(.fini)
                [!provide]                        PROVIDE (__etext, ABSOLUTE (.))
                [!provide]                        PROVIDE (_etext, ABSOLUTE (.))
                [!provide]                        PROVIDE (etext, ABSOLUTE (.))
 *(.eh_frame_hdr)
                0x000000000001c798                . = ALIGN (0x4)
                [!provide]                        PROVIDE (__preinit_array_start, ABSOLUTE (.))
 *(.preinit_array)
                [!provide]                        PROVIDE (__preinit_array_end, ABSOLUTE (.))
                [!provide]                        PROVIDE (__init_array_start, ABSOLUTE (.))
 *(.init_array)
                [!provide]                        PROVIDE (__init_array_end, ABSOLUTE (.))
                [!provide]                        PROVIDE (__fini_array_start, ABSOLUTE (.))
 *(.fini_array)
                [!provide]                        PROVIDE (__fini_array_end, ABSOLUTE (.))
 *(.eh_frame)
 *(.gcc_except_table .gcc_except_table.*)
 *(.dynamic)
                0x000000000001c798                PROVIDE (__CTOR_LIST__, ABSOLUTE (.))
 *(.ctors)
 *(SORT(.ctors.*))
                0x000000000001c798                PROVIDE (__CTOR_END__, ABSOLUTE (.))
                0x000000000001c798                PROVIDE (__DTOR_LIST__, ABSOLUTE (.))
 *(.dtors)
 *(SORT(.dtors.*))
                0x000000000001c798                PROVIDE (__DTOR_END__, ABSOLUTE (.))
 *(.jcr)
                0x000000000001c798                . = ALIGN (0x4)

.rodata         0x0000000008000000      0xa20
                [!provide]                        PROVIDE (__ram_rodata_start, ABSOLUTE (.))
                0x0000000008000000                . = ALIGN (0x4)
 *(.rodata .rodata.* .gnu.linkonce.r.*)
 .rodata        0x0000000008000000       0x34 obj/default/FreeRTOS/port.o
 .rodata        0x0000000008000034       0x19 obj/default/FreeRTOS/tasks.o
 *fill*         0x000000000800004d        0x3 
 .rodata        0x0000000008000050        0x8 obj/default/FreeRTOS/timers.o
 .rodata        0x0000000008000058       0xde obj/default/decision_task.o
 *fill*         0x0000000008000136        0x2 
 .rodata        0x0000000008000138       0x59 obj/default/main.o
 *fill*         0x0000000008000191        0x3 
 .rodata        0x0000000008000194       0x1c obj/default/vga_task.o
 .rodata        0x00000000080001b0      0x100 c:/intelfpga/18.1/nios2eds/bin/gnu/h-x86_64-mingw32/bin/../lib/gcc/nios2-elf/5.3.0\libgcc.a(_clz.o)
                0x00000000080001b0                __clz_tab
 .rodata.str1.4
                0x00000000080002b0        0x2 c:/intelfpga/18.1/nios2eds/bin/gnu/h-x86_64-mingw32/bin/../lib/gcc/nios2-elf/5.3.0/../../../../../H-x86_64-mingw32/nios2-elf/lib\libc.a(lib_a-puts.o)
 *fill*         0x00000000080002b2        0x2 
 .rodata.str1.4
                0x00000000080002b4       0x42 c:/intelfpga/18.1/nios2eds/bin/gnu/h-x86_64-mingw32/bin/../lib/gcc/nios2-elf/5.3.0/../../../../../H-x86_64-mingw32/nios2-elf/lib\libc.a(lib_a-vfprintf.o)
 .rodata.zeroes.4404
                0x00000000080002f6       0x10 c:/intelfpga/18.1/nios2eds/bin/gnu/h-x86_64-mingw32/bin/../lib/gcc/nios2-elf/5.3.0/../../../../../H-x86_64-mingw32/nios2-elf/lib\libc.a(lib_a-vfprintf.o)
 .rodata.blanks.4403
                0x0000000008000306       0x10 c:/intelfpga/18.1/nios2eds/bin/gnu/h-x86_64-mingw32/bin/../lib/gcc/nios2-elf/5.3.0/../../../../../H-x86_64-mingw32/nios2-elf/lib\libc.a(lib_a-vfprintf.o)
 *fill*         0x0000000008000316        0x2 
 .rodata.str1.4
                0x0000000008000318       0x10 c:/intelfpga/18.1/nios2eds/bin/gnu/h-x86_64-mingw32/bin/../lib/gcc/nios2-elf/5.3.0/../../../../../H-x86_64-mingw32/nios2-elf/lib\libc.a(lib_a-dtoa.o)
                                         0x12 (size before relaxing)
 .rodata.str1.4
                0x0000000008000328        0x2 c:/intelfpga/18.1/nios2eds/bin/gnu/h-x86_64-mingw32/bin/../lib/gcc/nios2-elf/5.3.0/../../../../../H-x86_64-mingw32/nios2-elf/lib\libc.a(lib_a-impure.o)
 *fill*         0x000000000800032a        0x2 
 .rodata.str1.4
                0x000000000800032c        0xc c:/intelfpga/18.1/nios2eds/bin/gnu/h-x86_64-mingw32/bin/../lib/gcc/nios2-elf/5.3.0/../../../../../H-x86_64-mingw32/nios2-elf/lib\libc.a(lib_a-locale.o)
                                         0x12 (size before relaxing)
 .rodata.p05.2768
                0x0000000008000338        0xc c:/intelfpga/18.1/nios2eds/bin/gnu/h-x86_64-mingw32/bin/../lib/gcc/nios2-elf/5.3.0/../../../../../H-x86_64-mingw32/nios2-elf/lib\libc.a(lib_a-mprec.o)
 .rodata.__mprec_tinytens
                0x0000000008000344       0x28 c:/intelfpga/18.1/nios2eds/bin/gnu/h-x86_64-mingw32/bin/../lib/gcc/nios2-elf/5.3.0/../../../../../H-x86_64-mingw32/nios2-elf/lib\libc.a(lib_a-mprec.o)
                0x0000000008000344                __mprec_tinytens
 .rodata.__mprec_bigtens
                0x000000000800036c       0x28 c:/intelfpga/18.1/nios2eds/bin/gnu/h-x86_64-mingw32/bin/../lib/gcc/nios2-elf/5.3.0/../../../../../H-x86_64-mingw32/nios2-elf/lib\libc.a(lib_a-mprec.o)
                0x000000000800036c                __mprec_bigtens
 .rodata.__mprec_tens
                0x0000000008000394       0xc8 c:/intelfpga/18.1/nios2eds/bin/gnu/h-x86_64-mingw32/bin/../lib/gcc/nios2-elf/5.3.0/../../../../../H-x86_64-mingw32/nios2-elf/lib\libc.a(lib_a-mprec.o)
                0x0000000008000394                __mprec_tens
 .rodata.str1.4
                0x000000000800045c       0x2f c:/intelfpga/18.1/nios2eds/bin/gnu/h-x86_64-mingw32/bin/../lib/gcc/nios2-elf/5.3.0/../../../../../H-x86_64-mingw32/nios2-elf/lib\libc.a(lib_a-vfiprintf.o)
 .rodata.zeroes.4349
                0x000000000800045c       0x10 c:/intelfpga/18.1/nios2eds/bin/gnu/h-x86_64-mingw32/bin/../lib/gcc/nios2-elf/5.3.0/../../../../../H-x86_64-mingw32/nios2-elf/lib\libc.a(lib_a-vfiprintf.o)
 .rodata.blanks.4348
                0x000000000800046c       0x10 c:/intelfpga/18.1/nios2eds/bin/gnu/h-x86_64-mingw32/bin/../lib/gcc/nios2-elf/5.3.0/../../../../../H-x86_64-mingw32/nios2-elf/lib\libc.a(lib_a-vfiprintf.o)
 .rodata        0x000000000800047c        0xa ../Assignment1_bsp/\libhal_bsp.a(alt_dev.o)
 *fill*         0x0000000008000486        0x2 
 .rodata        0x0000000008000488        0xf ../Assignment1_bsp/\libhal_bsp.a(alt_main.o)
 *fill*         0x0000000008000497        0x1 
 .rodata        0x0000000008000498       0xb0 ../Assignment1_bsp/\libhal_bsp.a(alt_sys_init.o)
 .rodata        0x0000000008000548       0x1a ../Assignment1_bsp/\libhal_bsp.a(altera_up_avalon_video_character_buffer_with_dma.o)
 *fill*         0x0000000008000562        0x2 
 .rodata        0x0000000008000564      0x239 ../Assignment1_bsp/\libhal_bsp.a(altera_up_ps2_keyboard.o)
 .rodata._ctype_
                0x000000000800079d      0x101 c:/intelfpga/18.1/nios2eds/bin/gnu/h-x86_64-mingw32/bin/../lib/gcc/nios2-elf/5.3.0/../../../../../H-x86_64-mingw32/nios2-elf/lib\libc.a(lib_a-ctype_.o)
                0x000000000800079d                _ctype_
 .rodata._ctype_b
                0x000000000800089e      0x180 c:/intelfpga/18.1/nios2eds/bin/gnu/h-x86_64-mingw32/bin/../lib/gcc/nios2-elf/5.3.0/../../../../../H-x86_64-mingw32/nios2-elf/lib\libc.a(lib_a-ctype_.o)
 *(.rodata1)
                0x0000000008000a20                . = ALIGN (0x4)
 *fill*         0x0000000008000a1e        0x2 
                [!provide]                        PROVIDE (__ram_rodata_end, ABSOLUTE (.))
                [!provide]                        PROVIDE (__flash_rodata_start, LOADADDR (.rodata))

.rwdata         0x0000000008000a20     0x217c
                [!provide]                        PROVIDE (__ram_rwdata_start, ABSOLUTE (.))
                0x0000000008000a20                . = ALIGN (0x4)
 *(.got.plt)
 *(.got)
 *(.data1)
 *(.data .data.* .gnu.linkonce.d.*)
 .data          0x0000000008000a20        0x0 ../Assignment1_bsp//obj/HAL/src/crt0.o
 .data          0x0000000008000a20        0x0 obj/default/FreeRTOS/croutine.o
 .data          0x0000000008000a20        0x0 obj/default/FreeRTOS/event_groups.o
 .data          0x0000000008000a20        0x0 obj/default/FreeRTOS/heap.o
 .data          0x0000000008000a20        0x0 obj/default/FreeRTOS/list.o
 .data          0x0000000008000a20        0x0 obj/default/FreeRTOS/port.o
 .data          0x0000000008000a20        0x0 obj/default/FreeRTOS/queue.o
 .data          0x0000000008000a20        0x0 obj/default/FreeRTOS/tasks.o
 .data          0x0000000008000a20        0x0 obj/default/FreeRTOS/timers.o
 .data          0x0000000008000a20        0x0 obj/default/decision_task.o
 .data          0x0000000008000a20        0x0 obj/default/frequency_task.o
 .data          0x0000000008000a20        0x0 obj/default/isr_handlers.o
 .data          0x0000000008000a20        0x0 obj/default/keyboard_task.o
 .data          0x0000000008000a20        0x0 obj/default/load_control_task.o
 .data          0x0000000008000a20        0x0 obj/default/main.o
 .data          0x0000000008000a20        0x0 obj/default/rocof_task.o
 .data          0x0000000008000a20        0x0 obj/default/shared_state.o
 .data          0x0000000008000a20        0x0 obj/default/switch_poll_task.o
 .data          0x0000000008000a20        0x0 obj/default/vga_task.o
 .data          0x0000000008000a20        0x0 obj/default/FreeRTOS/port_asm.o
 .data          0x0000000008000a20        0x0 c:/intelfpga/18.1/nios2eds/bin/gnu/h-x86_64-mingw32/bin/../lib/gcc/nios2-elf/5.3.0\libgcc.a(addsf3.o)
 .data          0x0000000008000a20        0x0 c:/intelfpga/18.1/nios2eds/bin/gnu/h-x86_64-mingw32/bin/../lib/gcc/nios2-elf/5.3.0\libgcc.a(divsf3.o)
 .data          0x0000000008000a20        0x0 c:/intelfpga/18.1/nios2eds/bin/gnu/h-x86_64-mingw32/bin/../lib/gcc/nios2-elf/5.3.0\libgcc.a(eqsf2.o)
 .data          0x0000000008000a20        0x0 c:/intelfpga/18.1/nios2eds/bin/gnu/h-x86_64-mingw32/bin/../lib/gcc/nios2-elf/5.3.0\libgcc.a(gesf2.o)
 .data          0x0000000008000a20        0x0 c:/intelfpga/18.1/nios2eds/bin/gnu/h-x86_64-mingw32/bin/../lib/gcc/nios2-elf/5.3.0\libgcc.a(lesf2.o)
 .data          0x0000000008000a20        0x0 c:/intelfpga/18.1/nios2eds/bin/gnu/h-x86_64-mingw32/bin/../lib/gcc/nios2-elf/5.3.0\libgcc.a(mulsf3.o)
 .data          0x0000000008000a20        0x0 c:/intelfpga/18.1/nios2eds/bin/gnu/h-x86_64-mingw32/bin/../lib/gcc/nios2-elf/5.3.0\libgcc.a(subsf3.o)
 .data          0x0000000008000a20        0x0 c:/intelfpga/18.1/nios2eds/bin/gnu/h-x86_64-mingw32/bin/../lib/gcc/nios2-elf/5.3.0\libgcc.a(fixsfsi.o)
 .data          0x0000000008000a20        0x0 c:/intelfpga/18.1/nios2eds/bin/gnu/h-x86_64-mingw32/bin/../lib/gcc/nios2-elf/5.3.0\libgcc.a(floatunsisf.o)
 .data          0x0000000008000a20        0x0 c:/intelfpga/18.1/nios2eds/bin/gnu/h-x86_64-mingw32/bin/../lib/gcc/nios2-elf/5.3.0\libgcc.a(extendsfdf2.o)
 .data          0x0000000008000a20        0x0 c:/intelfpga/18.1/nios2eds/bin/gnu/h-x86_64-mingw32/bin/../lib/gcc/nios2-elf/5.3.0\libgcc.a(_clzsi2.o)
 .data          0x0000000008000a20        0x0 c:/intelfpga/18.1/nios2eds/bin/gnu/h-x86_64-mingw32/bin/../lib/gcc/nios2-elf/5.3.0\libgcc.a(_clz.o)
 .data          0x0000000008000a20        0x0 c:/intelfpga/18.1/nios2eds/bin/gnu/h-x86_64-mingw32/bin/../lib/gcc/nios2-elf/5.3.0/../../../../../H-x86_64-mingw32/nios2-elf/lib\libc.a(lib_a-memcmp.o)
 .data          0x0000000008000a20        0x0 c:/intelfpga/18.1/nios2eds/bin/gnu/h-x86_64-mingw32/bin/../lib/gcc/nios2-elf/5.3.0/../../../../../H-x86_64-mingw32/nios2-elf/lib\libc.a(lib_a-memcpy.o)
 .data          0x0000000008000a20        0x0 c:/intelfpga/18.1/nios2eds/bin/gnu/h-x86_64-mingw32/bin/../lib/gcc/nios2-elf/5.3.0/../../../../../H-x86_64-mingw32/nios2-elf/lib\libc.a(lib_a-memset.o)
 .data          0x0000000008000a20        0x0 c:/intelfpga/18.1/nios2eds/bin/gnu/h-x86_64-mingw32/bin/../lib/gcc/nios2-elf/5.3.0/../../../../../H-x86_64-mingw32/nios2-elf/lib\libc.a(lib_a-printf.o)
 .data          0x0000000008000a20        0x0 c:/intelfpga/18.1/nios2eds/bin/gnu/h-x86_64-mingw32/bin/../lib/gcc/nios2-elf/5.3.0/../../../../../H-x86_64-mingw32/nios2-elf/lib\libc.a(lib_a-puts.o)
 .data          0x0000000008000a20        0x0 c:/intelfpga/18.1/nios2eds/bin/gnu/h-x86_64-mingw32/bin/../lib/gcc/nios2-elf/5.3.0/../../../../../H-x86_64-mingw32/nios2-elf/lib\libc.a(lib_a-strlen.o)
 .data          0x0000000008000a20        0x0 c:/intelfpga/18.1/nios2eds/bin/gnu/h-x86_64-mingw32/bin/../lib/gcc/nios2-elf/5.3.0/../../../../../H-x86_64-mingw32/nios2-elf/lib\libc.a(lib_a-vfprintf.o)
 .data          0x0000000008000a20        0x0 c:/intelfpga/18.1/nios2eds/bin/gnu/h-x86_64-mingw32/bin/../lib/gcc/nios2-elf/5.3.0/../../../../../H-x86_64-mingw32/nios2-elf/lib\libc.a(lib_a-wsetup.o)
 .data          0x0000000008000a20        0x0 c:/intelfpga/18.1/nios2eds/bin/gnu/h-x86_64-mingw32/bin/../lib/gcc/nios2-elf/5.3.0/../../../../../H-x86_64-mingw32/nios2-elf/lib\libc.a(lib_a-dtoa.o)
 .data          0x0000000008000a20        0x0 c:/intelfpga/18.1/nios2eds/bin/gnu/h-x86_64-mingw32/bin/../lib/gcc/nios2-elf/5.3.0/../../../../../H-x86_64-mingw32/nios2-elf/lib\libc.a(lib_a-fflush.o)
 .data          0x0000000008000a20        0x0 c:/intelfpga/18.1/nios2eds/bin/gnu/h-x86_64-mingw32/bin/../lib/gcc/nios2-elf/5.3.0/../../../../../H-x86_64-mingw32/nios2-elf/lib\libc.a(lib_a-findfp.o)
 .data          0x0000000008000a20        0x0 c:/intelfpga/18.1/nios2eds/bin/gnu/h-x86_64-mingw32/bin/../lib/gcc/nios2-elf/5.3.0/../../../../../H-x86_64-mingw32/nios2-elf/lib\libc.a(lib_a-freer.o)
 .data          0x0000000008000a20        0x0 c:/intelfpga/18.1/nios2eds/bin/gnu/h-x86_64-mingw32/bin/../lib/gcc/nios2-elf/5.3.0/../../../../../H-x86_64-mingw32/nios2-elf/lib\libc.a(lib_a-fvwrite.o)
 .data          0x0000000008000a20        0x0 c:/intelfpga/18.1/nios2eds/bin/gnu/h-x86_64-mingw32/bin/../lib/gcc/nios2-elf/5.3.0/../../../../../H-x86_64-mingw32/nios2-elf/lib\libc.a(lib_a-fwalk.o)
 .data          0x0000000008000a20        0x0 c:/intelfpga/18.1/nios2eds/bin/gnu/h-x86_64-mingw32/bin/../lib/gcc/nios2-elf/5.3.0/../../../../../H-x86_64-mingw32/nios2-elf/lib\libc.a(lib_a-impure.o)
 .data.impure_data
                0x0000000008000a20      0x424 c:/intelfpga/18.1/nios2eds/bin/gnu/h-x86_64-mingw32/bin/../lib/gcc/nios2-elf/5.3.0/../../../../../H-x86_64-mingw32/nios2-elf/lib\libc.a(lib_a-impure.o)
 .data          0x0000000008000e44        0x0 c:/intelfpga/18.1/nios2eds/bin/gnu/h-x86_64-mingw32/bin/../lib/gcc/nios2-elf/5.3.0/../../../../../H-x86_64-mingw32/nios2-elf/lib\libc.a(lib_a-locale.o)
 .data.lc_message_charset
                0x0000000008000e44       0x20 c:/intelfpga/18.1/nios2eds/bin/gnu/h-x86_64-mingw32/bin/../lib/gcc/nios2-elf/5.3.0/../../../../../H-x86_64-mingw32/nios2-elf/lib\libc.a(lib_a-locale.o)
 .data.lc_ctype_charset
                0x0000000008000e64       0x20 c:/intelfpga/18.1/nios2eds/bin/gnu/h-x86_64-mingw32/bin/../lib/gcc/nios2-elf/5.3.0/../../../../../H-x86_64-mingw32/nios2-elf/lib\libc.a(lib_a-locale.o)
 .data.lconv    0x0000000008000e84       0x38 c:/intelfpga/18.1/nios2eds/bin/gnu/h-x86_64-mingw32/bin/../lib/gcc/nios2-elf/5.3.0/../../../../../H-x86_64-mingw32/nios2-elf/lib\libc.a(lib_a-locale.o)
 .data          0x0000000008000ebc        0x0 c:/intelfpga/18.1/nios2eds/bin/gnu/h-x86_64-mingw32/bin/../lib/gcc/nios2-elf/5.3.0/../../../../../H-x86_64-mingw32/nios2-elf/lib\libc.a(lib_a-makebuf.o)
 .data          0x0000000008000ebc        0x0 c:/intelfpga/18.1/nios2eds/bin/gnu/h-x86_64-mingw32/bin/../lib/gcc/nios2-elf/5.3.0/../../../../../H-x86_64-mingw32/nios2-elf/lib\libc.a(lib_a-mallocr.o)
 .data.__malloc_av_
                0x0000000008000ebc      0x408 c:/intelfpga/18.1/nios2eds/bin/gnu/h-x86_64-mingw32/bin/../lib/gcc/nios2-elf/5.3.0/../../../../../H-x86_64-mingw32/nios2-elf/lib\libc.a(lib_a-mallocr.o)
                0x0000000008000ebc                __malloc_av_
 .data          0x00000000080012c4        0x0 c:/intelfpga/18.1/nios2eds/bin/gnu/h-x86_64-mingw32/bin/../lib/gcc/nios2-elf/5.3.0/../../../../../H-x86_64-mingw32/nios2-elf/lib\libc.a(lib_a-memchr.o)
 .data          0x00000000080012c4        0x0 c:/intelfpga/18.1/nios2eds/bin/gnu/h-x86_64-mingw32/bin/../lib/gcc/nios2-elf/5.3.0/../../../../../H-x86_64-mingw32/nios2-elf/lib\libc.a(lib_a-memmove.o)
 .data          0x00000000080012c4        0x0 c:/intelfpga/18.1/nios2eds/bin/gnu/h-x86_64-mingw32/bin/../lib/gcc/nios2-elf/5.3.0/../../../../../H-x86_64-mingw32/nios2-elf/lib\libc.a(lib_a-mprec.o)
 .data          0x00000000080012c4        0x0 c:/intelfpga/18.1/nios2eds/bin/gnu/h-x86_64-mingw32/bin/../lib/gcc/nios2-elf/5.3.0/../../../../../H-x86_64-mingw32/nios2-elf/lib\libc.a(lib_a-reallocr.o)
 .data          0x00000000080012c4        0x0 c:/intelfpga/18.1/nios2eds/bin/gnu/h-x86_64-mingw32/bin/../lib/gcc/nios2-elf/5.3.0/../../../../../H-x86_64-mingw32/nios2-elf/lib\libc.a(lib_a-s_fpclassify.o)
 .data          0x00000000080012c4        0x0 c:/intelfpga/18.1/nios2eds/bin/gnu/h-x86_64-mingw32/bin/../lib/gcc/nios2-elf/5.3.0/../../../../../H-x86_64-mingw32/nios2-elf/lib\libc.a(lib_a-sbrkr.o)
 .data          0x00000000080012c4        0x0 c:/intelfpga/18.1/nios2eds/bin/gnu/h-x86_64-mingw32/bin/../lib/gcc/nios2-elf/5.3.0/../../../../../H-x86_64-mingw32/nios2-elf/lib\libc.a(lib_a-stdio.o)
 .data          0x00000000080012c4        0x0 c:/intelfpga/18.1/nios2eds/bin/gnu/h-x86_64-mingw32/bin/../lib/gcc/nios2-elf/5.3.0/../../../../../H-x86_64-mingw32/nios2-elf/lib\libc.a(lib_a-strcmp.o)
 .data          0x00000000080012c4        0x0 c:/intelfpga/18.1/nios2eds/bin/gnu/h-x86_64-mingw32/bin/../lib/gcc/nios2-elf/5.3.0/../../../../../H-x86_64-mingw32/nios2-elf/lib\libc.a(lib_a-vfiprintf.o)
 .data          0x00000000080012c4        0x0 c:/intelfpga/18.1/nios2eds/bin/gnu/h-x86_64-mingw32/bin/../lib/gcc/nios2-elf/5.3.0/../../../../../H-x86_64-mingw32/nios2-elf/lib\libc.a(lib_a-writer.o)
 .data          0x00000000080012c4        0x0 c:/intelfpga/18.1/nios2eds/bin/gnu/h-x86_64-mingw32/bin/../lib/gcc/nios2-elf/5.3.0/../../../../../H-x86_64-mingw32/nios2-elf/lib\libc.a(closer.o)
 .data          0x00000000080012c4        0x0 c:/intelfpga/18.1/nios2eds/bin/gnu/h-x86_64-mingw32/bin/../lib/gcc/nios2-elf/5.3.0/../../../../../H-x86_64-mingw32/nios2-elf/lib\libc.a(lib_a-callocr.o)
 .data          0x00000000080012c4        0x0 c:/intelfpga/18.1/nios2eds/bin/gnu/h-x86_64-mingw32/bin/../lib/gcc/nios2-elf/5.3.0/../../../../../H-x86_64-mingw32/nios2-elf/lib\libc.a(lib_a-fclose.o)
 .data          0x00000000080012c4        0x0 c:/intelfpga/18.1/nios2eds/bin/gnu/h-x86_64-mingw32/bin/../lib/gcc/nios2-elf/5.3.0/../../../../../H-x86_64-mingw32/nios2-elf/lib\libc.a(lib_a-fputwc.o)
 .data          0x00000000080012c4        0x0 c:/intelfpga/18.1/nios2eds/bin/gnu/h-x86_64-mingw32/bin/../lib/gcc/nios2-elf/5.3.0/../../../../../H-x86_64-mingw32/nios2-elf/lib\libc.a(lib_a-fstatr.o)
 .data          0x00000000080012c4        0x0 c:/intelfpga/18.1/nios2eds/bin/gnu/h-x86_64-mingw32/bin/../lib/gcc/nios2-elf/5.3.0/../../../../../H-x86_64-mingw32/nios2-elf/lib\libc.a(lib_a-int_errno.o)
 .data          0x00000000080012c4        0x0 c:/intelfpga/18.1/nios2eds/bin/gnu/h-x86_64-mingw32/bin/../lib/gcc/nios2-elf/5.3.0/../../../../../H-x86_64-mingw32/nios2-elf/lib\libc.a(lib_a-isattyr.o)
 .data          0x00000000080012c4        0x0 c:/intelfpga/18.1/nios2eds/bin/gnu/h-x86_64-mingw32/bin/../lib/gcc/nios2-elf/5.3.0/../../../../../H-x86_64-mingw32/nios2-elf/lib\libc.a(lib_a-lseekr.o)
 .data          0x00000000080012c4        0x0 c:/intelfpga/18.1/nios2eds/bin/gnu/h-x86_64-mingw32/bin/../lib/gcc/nios2-elf/5.3.0/../../../../../H-x86_64-mingw32/nios2-elf/lib\libc.a(lib_a-readr.o)
 .data          0x00000000080012c4        0x0 c:/intelfpga/18.1/nios2eds/bin/gnu/h-x86_64-mingw32/bin/../lib/gcc/nios2-elf/5.3.0/../../../../../H-x86_64-mingw32/nios2-elf/lib\libc.a(lib_a-wbuf.o)
 .data          0x00000000080012c4        0x0 c:/intelfpga/18.1/nios2eds/bin/gnu/h-x86_64-mingw32/bin/../lib/gcc/nios2-elf/5.3.0/../../../../../H-x86_64-mingw32/nios2-elf/lib\libc.a(lib_a-wcrtomb.o)
 .data          0x00000000080012c4        0x0 c:/intelfpga/18.1/nios2eds/bin/gnu/h-x86_64-mingw32/bin/../lib/gcc/nios2-elf/5.3.0/../../../../../H-x86_64-mingw32/nios2-elf/lib\libc.a(lib_a-wctomb_r.o)
 .data          0x00000000080012c4        0x0 c:/intelfpga/18.1/nios2eds/bin/gnu/h-x86_64-mingw32/bin/../lib/gcc/nios2-elf/5.3.0\libgcc.a(_udivdi3.o)
 .data          0x00000000080012c4        0x0 c:/intelfpga/18.1/nios2eds/bin/gnu/h-x86_64-mingw32/bin/../lib/gcc/nios2-elf/5.3.0\libgcc.a(_umoddi3.o)
 .data          0x00000000080012c4        0x0 c:/intelfpga/18.1/nios2eds/bin/gnu/h-x86_64-mingw32/bin/../lib/gcc/nios2-elf/5.3.0\libgcc.a(lib2-divmod.o)
 .data          0x00000000080012c4        0x0 c:/intelfpga/18.1/nios2eds/bin/gnu/h-x86_64-mingw32/bin/../lib/gcc/nios2-elf/5.3.0\libgcc.a(adddf3.o)
 .data          0x00000000080012c4        0x0 c:/intelfpga/18.1/nios2eds/bin/gnu/h-x86_64-mingw32/bin/../lib/gcc/nios2-elf/5.3.0\libgcc.a(divdf3.o)
 .data          0x00000000080012c4        0x0 c:/intelfpga/18.1/nios2eds/bin/gnu/h-x86_64-mingw32/bin/../lib/gcc/nios2-elf/5.3.0\libgcc.a(eqdf2.o)
 .data          0x00000000080012c4        0x0 c:/intelfpga/18.1/nios2eds/bin/gnu/h-x86_64-mingw32/bin/../lib/gcc/nios2-elf/5.3.0\libgcc.a(gedf2.o)
 .data          0x00000000080012c4        0x0 c:/intelfpga/18.1/nios2eds/bin/gnu/h-x86_64-mingw32/bin/../lib/gcc/nios2-elf/5.3.0\libgcc.a(ledf2.o)
 .data          0x00000000080012c4        0x0 c:/intelfpga/18.1/nios2eds/bin/gnu/h-x86_64-mingw32/bin/../lib/gcc/nios2-elf/5.3.0\libgcc.a(muldf3.o)
 .data          0x00000000080012c4        0x0 c:/intelfpga/18.1/nios2eds/bin/gnu/h-x86_64-mingw32/bin/../lib/gcc/nios2-elf/5.3.0\libgcc.a(subdf3.o)
 .data          0x00000000080012c4        0x0 c:/intelfpga/18.1/nios2eds/bin/gnu/h-x86_64-mingw32/bin/../lib/gcc/nios2-elf/5.3.0\libgcc.a(fixdfsi.o)
 .data          0x00000000080012c4        0x0 c:/intelfpga/18.1/nios2eds/bin/gnu/h-x86_64-mingw32/bin/../lib/gcc/nios2-elf/5.3.0\libgcc.a(floatsidf.o)
 .data          0x00000000080012c4        0x0 c:/intelfpga/18.1/nios2eds/bin/gnu/h-x86_64-mingw32/bin/../lib/gcc/nios2-elf/5.3.0\libgcc.a(floatunsidf.o)
 .data          0x00000000080012c4        0x0 ../Assignment1_bsp/\libhal_bsp.a(alt_close.o)
 .data          0x00000000080012c4      0x1a8 ../Assignment1_bsp/\libhal_bsp.a(alt_dev.o)
                0x00000000080012c4                alt_dev_null
                0x00000000080012ec                alt_fd_list
 .data          0x000000000800146c        0x0 ../Assignment1_bsp/\libhal_bsp.a(alt_errno.o)
 .data          0x000000000800146c        0x0 ../Assignment1_bsp/\libhal_bsp.a(alt_fstat.o)
 .data          0x000000000800146c        0x0 ../Assignment1_bsp/\libhal_bsp.a(alt_irq_handler.o)
 .data          0x000000000800146c        0x0 ../Assignment1_bsp/\libhal_bsp.a(alt_irq_vars.o)
 .data          0x000000000800146c        0x0 ../Assignment1_bsp/\libhal_bsp.a(alt_isatty.o)
 .data          0x000000000800146c        0x0 ../Assignment1_bsp/\libhal_bsp.a(alt_lseek.o)
 .data          0x000000000800146c        0x0 ../Assignment1_bsp/\libhal_bsp.a(alt_main.o)
 .data          0x000000000800146c        0x0 ../Assignment1_bsp/\libhal_bsp.a(alt_malloc_lock.o)
 .data          0x000000000800146c        0x0 ../Assignment1_bsp/\libhal_bsp.a(alt_read.o)
 .data          0x000000000800146c        0x0 ../Assignment1_bsp/\libhal_bsp.a(alt_release_fd.o)
 .data          0x000000000800146c        0x0 ../Assignment1_bsp/\libhal_bsp.a(alt_sbrk.o)
 .data          0x000000000800146c        0x0 ../Assignment1_bsp/\libhal_bsp.a(alt_write.o)
 .data          0x000000000800146c     0x13f4 ../Assignment1_bsp/\libhal_bsp.a(alt_sys_init.o)
 .data          0x0000000008002860        0x0 ../Assignment1_bsp/\libhal_bsp.a(altera_avalon_cfi_flash.o)
 .data          0x0000000008002860        0x0 ../Assignment1_bsp/\libhal_bsp.a(altera_avalon_cfi_flash_table.o)
 .data          0x0000000008002860        0x0 ../Assignment1_bsp/\libhal_bsp.a(altera_avalon_jtag_uart_fd.o)
 .data          0x0000000008002860        0x0 ../Assignment1_bsp/\libhal_bsp.a(altera_avalon_jtag_uart_init.o)
 .data          0x0000000008002860        0x0 ../Assignment1_bsp/\libhal_bsp.a(altera_avalon_jtag_uart_ioctl.o)
 .data          0x0000000008002860        0x0 ../Assignment1_bsp/\libhal_bsp.a(altera_avalon_jtag_uart_read.o)